Archive member included to satisfy reference by file (symbol)

app/libapp.a(main.c.obj)      (--whole-archive)
zephyr/libzephyr.a(cbprintf.c.obj)
                              (--whole-archive)
zephyr/libzephyr.a(crc32_sw.c.obj)
                              (--whole-archive)
zephyr/libzephyr.a(crc16_sw.c.obj)
                              (--whole-archive)
zephyr/libzephyr.a(crc8_sw.c.obj)
                              (--whole-archive)
zephyr/libzephyr.a(crc7_sw.c.obj)
                              (--whole-archive)
zephyr/libzephyr.a(dec.c.obj)
                              (--whole-archive)
zephyr/libzephyr.a(fdtable.c.obj)
                              (--whole-archive)
zephyr/libzephyr.a(hex.c.obj)
                              (--whole-archive)
zephyr/libzephyr.a(notify.c.obj)
                              (--whole-archive)
zephyr/libzephyr.a(printk.c.obj)
                              (--whole-archive)
zephyr/libzephyr.a(onoff.c.obj)
                              (--whole-archive)
zephyr/libzephyr.a(rb.c.obj)  (--whole-archive)
zephyr/libzephyr.a(sem.c.obj)
                              (--whole-archive)
zephyr/libzephyr.a(thread_entry.c.obj)
                              (--whole-archive)
zephyr/libzephyr.a(timeutil.c.obj)
                              (--whole-archive)
zephyr/libzephyr.a(work_q.c.obj)
                              (--whole-archive)
zephyr/libzephyr.a(heap.c.obj)
                              (--whole-archive)
zephyr/libzephyr.a(heap-validate.c.obj)
                              (--whole-archive)
zephyr/libzephyr.a(cbprintf_complete.c.obj)
                              (--whole-archive)
zephyr/libzephyr.a(configs.c.obj)
                              (--whole-archive)
zephyr/libzephyr.a(soc.c.obj)
                              (--whole-archive)
zephyr/libzephyr.a(power.c.obj)
                              (--whole-archive)
zephyr/libzephyr.a(validate_base_addresses.c.obj)
                              (--whole-archive)
zephyr/libzephyr.a(validate_enabled_instances.c.obj)
                              (--whole-archive)
zephyr/libzephyr.a(log_minimal.c.obj)
                              (--whole-archive)
zephyr/libzephyr.a(power.c.obj)
                              (--whole-archive)
zephyr/libzephyr.a(reboot.c.obj)
                              (--whole-archive)
zephyr/libzephyr.a(policy_residency.c.obj)
                              (--whole-archive)
zephyr/libzephyr.a(uart_console.c.obj)
                              (--whole-archive)
zephyr/libzephyr.a(clock_control_nrf.c.obj)
                              (--whole-archive)
zephyr/libzephyr.a(sys_clock_init.c.obj)
                              (--whole-archive)
zephyr/libzephyr.a(nrf_rtc_timer.c.obj)
                              (--whole-archive)
zephyr/libzephyr.a(spm.c.obj)
                              (--whole-archive)
zephyr/libzephyr.a(secure_services.c.obj)
                              (--whole-archive)
zephyr/libzephyr.a(nrf_cc3xx_platform_abort_zephyr.c.obj)
                              (--whole-archive)
zephyr/libzephyr.a(nrf_cc3xx_platform_mutex_zephyr.c.obj)
                              (--whole-archive)
zephyr/arch/common/libarch__common.a(sw_isr_common.c.obj)
                              (--whole-archive)
zephyr/arch/arch/arm/core/aarch32/libarch__arm__core__aarch32.a(swap.c.obj)
                              (--whole-archive)
zephyr/arch/arch/arm/core/aarch32/libarch__arm__core__aarch32.a(swap_helper.S.obj)
                              (--whole-archive)
zephyr/arch/arch/arm/core/aarch32/libarch__arm__core__aarch32.a(irq_manage.c.obj)
                              (--whole-archive)
zephyr/arch/arch/arm/core/aarch32/libarch__arm__core__aarch32.a(thread.c.obj)
                              (--whole-archive)
zephyr/arch/arch/arm/core/aarch32/libarch__arm__core__aarch32.a(cpu_idle.S.obj)
                              (--whole-archive)
zephyr/arch/arch/arm/core/aarch32/libarch__arm__core__aarch32.a(fatal.c.obj)
                              (--whole-archive)
zephyr/arch/arch/arm/core/aarch32/libarch__arm__core__aarch32.a(nmi.c.obj)
                              (--whole-archive)
zephyr/arch/arch/arm/core/aarch32/libarch__arm__core__aarch32.a(nmi_on_reset.S.obj)
                              (--whole-archive)
zephyr/arch/arch/arm/core/aarch32/libarch__arm__core__aarch32.a(prep_c.c.obj)
                              (--whole-archive)
zephyr/arch/arch/arm/core/aarch32/libarch__arm__core__aarch32.a(isr_wrapper.S.obj)
                              (--whole-archive)
zephyr/arch/arch/arm/core/aarch32/cortex_m/libarch__arm__core__aarch32__cortex_m.a(vector_table.S.obj)
                              (--whole-archive)
zephyr/arch/arch/arm/core/aarch32/cortex_m/libarch__arm__core__aarch32__cortex_m.a(reset.S.obj)
                              (--whole-archive)
zephyr/arch/arch/arm/core/aarch32/cortex_m/libarch__arm__core__aarch32__cortex_m.a(fault_s.S.obj)
                              (--whole-archive)
[...]
Memory Configuration

Name             Origin             Length             Attributes
FLASH            0x00000000         0x0000c000         xr
SRAM             0x20000000         0x00010000         xw
IDT_LIST         0x20010000         0x00000800         xw
*default*        0x00000000         0xffffffff

Linker script and memory map

LOAD zephyr/CMakeFiles/zephyr_final.dir/misc/empty_file.c.obj
LOAD zephyr/CMakeFiles/zephyr_final.dir/isr_tables.c.obj
                0x00000020                _region_min_align = 0x20

.rel.plt        0x00000000        0x0
 *(SORT_BY_ALIGNMENT(.rel.plt))
                [!provide]                PROVIDE (__rel_iplt_start = .)
 *(SORT_BY_ALIGNMENT(.rel.iplt))
 .rel.iplt      0x00000000        0x0 zephyr/CMakeFiles/zephyr_final.dir/isr_tables.c.obj
                [!provide]                PROVIDE (__rel_iplt_end = .)

.rela.plt       0x00000000        0x0
 *(SORT_BY_ALIGNMENT(.rela.plt))
                [!provide]                PROVIDE (__rela_iplt_start = .)
 *(SORT_BY_ALIGNMENT(.rela.iplt))
                [!provide]                PROVIDE (__rela_iplt_end = .)

.rel.dyn
 *(SORT_BY_ALIGNMENT(.rel.*))

.rela.dyn
 *(SORT_BY_ALIGNMENT(.rela.*))

/DISCARD/
 *(SORT_BY_ALIGNMENT(.plt))
 *(SORT_BY_ALIGNMENT(.iplt))
 *(SORT_BY_ALIGNMENT(.got.plt))
 *(SORT_BY_ALIGNMENT(.igot.plt))
 *(SORT_BY_ALIGNMENT(.got))
 *(SORT_BY_ALIGNMENT(.igot))
 *(SORT_BY_ALIGNMENT(.irq_info*))
 *(SORT_BY_ALIGNMENT(.intList*))
 *(SORT_BY_ALIGNMENT(.note.GNU-stack))
                0x00000000                _image_rom_start = 0x0

rom_start       0x00000000      0x23c
                0x00000000                . = 0x0
                0x00000000                . = ALIGN (0x4)
                0x00000000                . = ALIGN (0x80)
                0x00000000                . = ALIGN (0x200)
                0x00000000                _vector_start = .
 *(SORT_BY_ALIGNMENT(.exc_vector_table))
 *(SORT_BY_ALIGNMENT(.exc_vector_table.*))
 .exc_vector_table._vector_table_section
                0x00000000       0x40 zephyr/arch/arch/arm/core/aarch32/cortex_m/libarch__arm__core__aarch32__cortex_m.a(vector_table.S.obj)
                0x00000000                _vector_table
 *(SORT_BY_ALIGNMENT(.gnu.linkonce.irq_vector_table*))
 .gnu.linkonce.irq_vector_table*
                0x00000040      0x104 zephyr/CMakeFiles/zephyr_final.dir/isr_tables.c.obj
                0x00000040                _irq_vector_table
 *(SORT_BY_ALIGNMENT(.vectors))
                0x00000144                _vector_end = .
 *(SORT_BY_ALIGNMENT(.openocd_dbg))
 *(SORT_BY_ALIGNMENT(.openocd_dbg.*))
                0x00000200                . = 0x200
 *fill*         0x00000144       0xbc 
                0x00000200                _fw_info_start = .
 *(SORT_BY_NAME(SORT_BY_ALIGNMENT(.firmware_info*)))
 .firmware_info
                0x00000200       0x3c modules/nrf/subsys/fw_info/lib..__nrf__subsys__fw_info.a(fw_info.c.obj)
                0x00000200                m_firmware_info
                0x0000003c                _fw_info_size = ABSOLUTE ((. - _fw_info_start))

text            0x0000023c     0x5f40
                0x0000023c                _image_text_start = .
 *(SORT_BY_ALIGNMENT(.text))
 .text          0x0000023c       0x30 c:/users/eivin/ncs/v1.5.1/toolchain/opt/bin/../lib/gcc/arm-none-eabi/9.2.1/thumb/v8-m.main+fp/hard\libgcc.a(_aeabi_uldivmod.o)
                0x0000023c                __aeabi_uldivmod
 .text          0x0000026c      0x2c0 c:/users/eivin/ncs/v1.5.1/toolchain/opt/bin/../lib/gcc/arm-none-eabi/9.2.1/thumb/v8-m.main+fp/hard\libgcc.a(_udivmoddi4.o)
                0x0000026c                __udivmoddi4
 .text          0x0000052c        0x4 c:/users/eivin/ncs/v1.5.1/toolchain/opt/bin/../lib/gcc/arm-none-eabi/9.2.1/thumb/v8-m.main+fp/hard\libgcc.a(_dvmd_tls.o)
                0x0000052c                __aeabi_idiv0
                0x0000052c                __aeabi_ldiv0
 .text          0x00000530       0x5c c:/users/eivin/ncs/v1.5.1/toolchain/opt/bin/../lib/gcc/arm-none-eabi/9.2.1/thumb/v8-m.main+fp/hard\libgcc.a(cmse_nonsecure_call.o)
                0x00000530                __gnu_cmse_nonsecure_call
 *(SORT_BY_ALIGNMENT(.text.*))
 .text.char_out
                0x0000058c       0x10 zephyr/libzephyr.a(printk.c.obj)
 .text.__printk_hook_install
                0x0000059c        0xc zephyr/libzephyr.a(printk.c.obj)
                0x0000059c                __printk_hook_install
 .text.vprintk  0x000005a8       0x1c zephyr/libzephyr.a(printk.c.obj)
                0x000005a8                vprintk
 .text.process_event
                0x000005c4      0x1d0 zephyr/libzephyr.a(onoff.c.obj)
 .text.cbvprintf
                0x00000794      0xd6c zephyr/libzephyr.a(cbprintf_complete.c.obj)
                0x00000794                cbvprintf
 .text.nordicsemi_nrf91_init
                0x00001500       0x28 zephyr/libzephyr.a(soc.c.obj)
 .text.arch_busy_wait
                0x00001528       0x14 zephyr/libzephyr.a(soc.c.obj)
                0x00001528                arch_busy_wait
 .text.sys_reboot
                0x0000153c       0x30 zephyr/libzephyr.a(reboot.c.obj)
                0x0000153c                sys_reboot
 .text.uart_console_init
                0x0000156c       0x28 zephyr/libzephyr.a(uart_console.c.obj)
 .text.console_out
                0x00001594       0x28 zephyr/libzephyr.a(uart_console.c.obj)
 .text.onoff_stop
                0x000015bc       0x48 zephyr/libzephyr.a(clock_control_nrf.c.obj)
 .text.onoff_start
                0x00001604       0x54 zephyr/libzephyr.a(clock_control_nrf.c.obj)
 .text.clk_init
                0x00001658       0x60 zephyr/libzephyr.a(clock_control_nrf.c.obj)
 .text.clkstarted_handle.constprop.0
                0x000016b8       0x3c zephyr/libzephyr.a(clock_control_nrf.c.obj)
 .text.clock_event_handler
                0x000016f4       0x1c zephyr/libzephyr.a(clock_control_nrf.c.obj)
 .text.generic_hfclk_start
                0x00001710       0x64 zephyr/libzephyr.a(clock_control_nrf.c.obj)
 .text.generic_hfclk_stop
                0x00001774       0x24 zephyr/libzephyr.a(clock_control_nrf.c.obj)
 .text.api_blocking_start
                0x00001798       0x34 zephyr/libzephyr.a(clock_control_nrf.c.obj)
 .text.z_nrf_clock_control_lf_on
                0x000017cc      0x10c zephyr/libzephyr.a(clock_control_nrf.c.obj)
                0x000017cc                z_nrf_clock_control_lf_on
 .text.sys_clock_timeout_handler
                0x000018d8       0x18 zephyr/libzephyr.a(nrf_rtc_timer.c.obj)
 .text.set_absolute_alarm
                0x000018f0       0x98 zephyr/libzephyr.a(nrf_rtc_timer.c.obj)
 .text.rtc_nrf_isr
                0x00001988       0x50 zephyr/libzephyr.a(nrf_rtc_timer.c.obj)
                0x00001988                rtc_nrf_isr
 .text.z_clock_driver_init
                0x000019d8       0x54 zephyr/libzephyr.a(nrf_rtc_timer.c.obj)
                0x000019d8                z_clock_driver_init
 .text.z_clock_set_timeout
                0x00001a2c       0x64 zephyr/libzephyr.a(nrf_rtc_timer.c.obj)
                0x00001a2c                z_clock_set_timeout
 .text.z_clock_elapsed
                0x00001a90       0x34 zephyr/libzephyr.a(nrf_rtc_timer.c.obj)
                0x00001a90                z_clock_elapsed
 .text.config_regions
                0x00001ac4       0xb8 zephyr/libzephyr.a(spm.c.obj)
 .text.spm_config_peripheral.constprop.0
                0x00001b7c       0x5c zephyr/libzephyr.a(spm.c.obj)
 .text.spm_jump
                0x00001bd8       0xd4 zephyr/libzephyr.a(spm.c.obj)
                0x00001bd8                spm_jump
 .text.spm_config
                0x00001cac      0x130 zephyr/libzephyr.a(spm.c.obj)
                0x00001cac                spm_config
 .text.spm_request_read_nse
                0x00001ddc       0xc4 zephyr/libzephyr.a(secure_services.c.obj)
                0x00001ddc                __acle_se_spm_request_read_nse
 .text.spm_firmware_info_nse
                0x00001ea0       0xe4 zephyr/libzephyr.a(secure_services.c.obj)
                0x00001ea0                __acle_se_spm_firmware_info_nse
 .text.nrf_cc3xx_platform_abort_init
                0x00001f84        0xc zephyr/libzephyr.a(nrf_cc3xx_platform_abort_zephyr.c.obj)
                0x00001f84                nrf_cc3xx_platform_abort_init
 .text.mutex_unlock_platform
                0x00001f90       0x44 zephyr/libzephyr.a(nrf_cc3xx_platform_mutex_zephyr.c.obj)
 .text.mutex_free_platform
                0x00001fd4       0x48 zephyr/libzephyr.a(nrf_cc3xx_platform_mutex_zephyr.c.obj)
 .text.mutex_init_platform
                0x0000201c       0x70 zephyr/libzephyr.a(nrf_cc3xx_platform_mutex_zephyr.c.obj)
 .text.mutex_lock_platform
                0x0000208c       0x50 zephyr/libzephyr.a(nrf_cc3xx_platform_mutex_zephyr.c.obj)
 .text.nrf_cc3xx_platform_mutex_init
                0x000020dc       0x2c zephyr/libzephyr.a(nrf_cc3xx_platform_mutex_zephyr.c.obj)
                0x000020dc                nrf_cc3xx_platform_mutex_init
 .text.arch_swap
                0x00002108       0x34 zephyr/arch/arch/arm/core/aarch32/libarch__arm__core__aarch32.a(swap.c.obj)
                0x00002108                arch_swap
 .text.z_arm_pendsv
                0x0000213c       0x58 zephyr/arch/arch/arm/core/aarch32/libarch__arm__core__aarch32.a(swap_helper.S.obj)
                0x0000213c                z_arm_pendsv
 .text.z_arm_svc
                0x00002194       0x20 zephyr/arch/arch/arm/core/aarch32/libarch__arm__core__aarch32.a(swap_helper.S.obj)
                0x00002194                z_arm_svc
 .text.arch_irq_enable
                0x000021b4       0x20 zephyr/arch/arch/arm/core/aarch32/libarch__arm__core__aarch32.a(irq_manage.c.obj)
                0x000021b4                arch_irq_enable
 .text.arch_irq_is_enabled
                0x000021d4       0x1c zephyr/arch/arch/arm/core/aarch32/libarch__arm__core__aarch32.a(irq_manage.c.obj)
                0x000021d4                arch_irq_is_enabled
 .text.z_arm_irq_priority_set
                0x000021f0       0x2c zephyr/arch/arch/arm/core/aarch32/libarch__arm__core__aarch32.a(irq_manage.c.obj)
                0x000021f0                z_arm_irq_priority_set
 .text.arch_new_thread
                0x0000221c       0x38 zephyr/arch/arch/arm/core/aarch32/libarch__arm__core__aarch32.a(thread.c.obj)
                0x0000221c                arch_new_thread
 .text.arch_switch_to_main_thread
                0x00002254       0x3c zephyr/arch/arch/arm/core/aarch32/libarch__arm__core__aarch32.a(thread.c.obj)
                0x00002254                arch_switch_to_main_thread
 .text.z_arm_cpu_idle_init
                0x00002290        0xc zephyr/arch/arch/arm/core/aarch32/libarch__arm__core__aarch32.a(cpu_idle.S.obj)
                0x00002290                z_arm_cpu_idle_init
 .text.arch_cpu_idle
                0x0000229c       0x1c zephyr/arch/arch/arm/core/aarch32/libarch__arm__core__aarch32.a(cpu_idle.S.obj)
                0x0000229c                arch_cpu_idle
 .text.arch_cpu_atomic_idle
                0x000022b8       0x14 zephyr/arch/arch/arm/core/aarch32/libarch__arm__core__aarch32.a(cpu_idle.S.obj)
                0x000022b8                arch_cpu_atomic_idle
 .text.z_arm_fatal_error
                0x000022cc       0x5c zephyr/arch/arch/arm/core/aarch32/libarch__arm__core__aarch32.a(fatal.c.obj)
                0x000022cc                z_arm_fatal_error
 .text.z_SysNmiOnReset
                0x00002328        0x8 zephyr/arch/arch/arm/core/aarch32/libarch__arm__core__aarch32.a(nmi_on_reset.S.obj)
                0x00002328                z_SysNmiOnReset
 .text.z_arm_prep_c
                0x00002330       0x6c zephyr/arch/arch/arm/core/aarch32/libarch__arm__core__aarch32.a(prep_c.c.obj)
                0x00002330                z_arm_prep_c
 .text._isr_wrapper
                0x0000239c       0x40 zephyr/arch/arch/arm/core/aarch32/libarch__arm__core__aarch32.a(isr_wrapper.S.obj)
                0x0000239c                _isr_wrapper
 .text._reset_section
                0x000023dc       0x60 zephyr/arch/arch/arm/core/aarch32/cortex_m/libarch__arm__core__aarch32__cortex_m.a(reset.S.obj)
                0x000023dc                __start
                0x000023dc                z_arm_reset
 .text.__fault  0x0000243c       0x14 zephyr/arch/arch/arm/core/aarch32/cortex_m/libarch__arm__core__aarch32__cortex_m.a(fault_s.S.obj)
                0x0000243c                z_arm_bus_fault
                0x0000243c                z_arm_usage_fault
                0x0000243c                z_arm_mpu_fault
                0x0000243c                z_arm_exc_spurious
                0x0000243c                z_arm_debug_monitor
                0x0000243c                z_arm_hard_fault
                0x0000243c                z_arm_secure_fault
 .text.mem_manage_fault.isra.0
                0x00002450       0xac zephyr/arch/arch/arm/core/aarch32/cortex_m/libarch__arm__core__aarch32__cortex_m.a(fault.c.obj)
 .text.bus_fault.isra.0
                0x000024fc       0xb4 zephyr/arch/arch/arm/core/aarch32/cortex_m/libarch__arm__core__aarch32__cortex_m.a(fault.c.obj)
 .text.usage_fault.isra.0
                0x000025b0       0xac zephyr/arch/arch/arm/core/aarch32/cortex_m/libarch__arm__core__aarch32__cortex_m.a(fault.c.obj)
 .text.secure_fault.isra.0
                0x0000265c       0xa4 zephyr/arch/arch/arm/core/aarch32/cortex_m/libarch__arm__core__aarch32__cortex_m.a(fault.c.obj)
 .text.z_arm_fault
                0x00002700      0x1b0 zephyr/arch/arch/arm/core/aarch32/cortex_m/libarch__arm__core__aarch32__cortex_m.a(fault.c.obj)
                0x00002700                z_arm_fault
 .text.z_arm_fault_init
                0x000028b0       0x18 zephyr/arch/arch/arm/core/aarch32/cortex_m/libarch__arm__core__aarch32__cortex_m.a(fault.c.obj)
                0x000028b0                z_arm_fault_init
 .text._HandlerModeExit
                0x000028c8       0x1c zephyr/arch/arch/arm/core/aarch32/cortex_m/libarch__arm__core__aarch32__cortex_m.a(exc_exit.S.obj)
                0x000028c8                z_arm_int_exit
                0x000028c8                z_arm_exc_exit
 .text.sys_arch_reboot
                0x000028e4       0x24 zephyr/arch/arch/arm/core/aarch32/cortex_m/libarch__arm__core__aarch32__cortex_m.a(scb.c.obj)
                0x000028e4                sys_arch_reboot
 .text.z_arm_clear_arm_mpu_config
                0x00002908       0x20 zephyr/arch/arch/arm/core/aarch32/cortex_m/libarch__arm__core__aarch32__cortex_m.a(scb.c.obj)
                0x00002908                z_arm_clear_arm_mpu_config
 .text.z_arm_init_arch_hw_at_boot
                0x00002928       0x4c zephyr/arch/arch/arm/core/aarch32/cortex_m/libarch__arm__core__aarch32__cortex_m.a(scb.c.obj)
                0x00002928                z_arm_init_arch_hw_at_boot
 .text.z_arm_interrupt_init
                0x00002974       0x18 zephyr/arch/arch/arm/core/aarch32/cortex_m/libarch__arm__core__aarch32__cortex_m.a(irq_init.c.obj)
                0x00002974                z_arm_interrupt_init
 .text.z_impl_k_thread_abort
                0x0000298c       0x44 zephyr/arch/arch/arm/core/aarch32/cortex_m/libarch__arm__core__aarch32__cortex_m.a(thread_abort.c.obj)
                0x0000298c                z_impl_k_thread_abort
 .text.z_arm_configure_static_mpu_regions
                0x000029d0       0x38 zephyr/arch/arch/arm/core/aarch32/cortex_m/mpu/libarch__arm__core__aarch32__cortex_m__mpu.a(arm_core_mpu.c.obj)
                0x000029d0                z_arm_configure_static_mpu_regions
 .text.region_init
                0x00002a08       0x30 zephyr/arch/arch/arm/core/aarch32/cortex_m/mpu/libarch__arm__core__aarch32__cortex_m__mpu.a(arm_mpu.c.obj)
 .text.mpu_configure_region
                0x00002a38       0x50 zephyr/arch/arch/arm/core/aarch32/cortex_m/mpu/libarch__arm__core__aarch32__cortex_m__mpu.a(arm_mpu.c.obj)
 .text.mpu_configure_regions_and_partition.constprop.0
                0x00002a88      0x168 zephyr/arch/arch/arm/core/aarch32/cortex_m/mpu/libarch__arm__core__aarch32__cortex_m__mpu.a(arm_mpu.c.obj)
 .text.arm_core_mpu_enable
                0x00002bf0       0x14 zephyr/arch/arch/arm/core/aarch32/cortex_m/mpu/libarch__arm__core__aarch32__cortex_m__mpu.a(arm_mpu.c.obj)
                0x00002bf0                arm_core_mpu_enable
 .text.arm_core_mpu_disable
                0x00002c04       0x10 zephyr/arch/arch/arm/core/aarch32/cortex_m/mpu/libarch__arm__core__aarch32__cortex_m__mpu.a(arm_mpu.c.obj)
                0x00002c04                arm_core_mpu_disable
 .text.arm_mpu_init
                0x00002c14       0x4c zephyr/arch/arch/arm/core/aarch32/cortex_m/mpu/libarch__arm__core__aarch32__cortex_m__mpu.a(arm_mpu.c.obj)
 .text.arm_core_mpu_configure_static_mpu_regions
                0x00002c60       0x14 zephyr/arch/arch/arm/core/aarch32/cortex_m/mpu/libarch__arm__core__aarch32__cortex_m__mpu.a(arm_mpu.c.obj)
                0x00002c60                arm_core_mpu_configure_static_mpu_regions
 .text.arm_core_mpu_mark_areas_for_dynamic_regions
                0x00002c74       0xac zephyr/arch/arch/arm/core/aarch32/cortex_m/mpu/libarch__arm__core__aarch32__cortex_m__mpu.a(arm_mpu.c.obj)
                0x00002c74                arm_core_mpu_mark_areas_for_dynamic_regions
 .text.tz_nonsecure_state_setup
                0x00002d20       0x38 zephyr/arch/arch/arm/core/aarch32/cortex_m/tz/libarch__arm__core__aarch32__cortex_m__tz.a(arm_core_tz.c.obj)
                0x00002d20                tz_nonsecure_state_setup
 .text.tz_nbanked_exception_target_state_set
                0x00002d58       0x28 zephyr/arch/arch/arm/core/aarch32/cortex_m/tz/libarch__arm__core__aarch32__cortex_m__tz.a(arm_core_tz.c.obj)
                0x00002d58                tz_nbanked_exception_target_state_set
 .text.tz_nonsecure_exception_prio_config
                0x00002d80       0x28 zephyr/arch/arch/arm/core/aarch32/cortex_m/tz/libarch__arm__core__aarch32__cortex_m__tz.a(arm_core_tz.c.obj)
                0x00002d80                tz_nonsecure_exception_prio_config
 .text.tz_nonsecure_system_reset_req_block
                0x00002da8       0x28 zephyr/arch/arch/arm/core/aarch32/cortex_m/tz/libarch__arm__core__aarch32__cortex_m__tz.a(arm_core_tz.c.obj)
                0x00002da8                tz_nonsecure_system_reset_req_block
 .text.tz_nonsecure_fpu_access_enable
                0x00002dd0       0x14 zephyr/arch/arch/arm/core/aarch32/cortex_m/tz/libarch__arm__core__aarch32__cortex_m__tz.a(arm_core_tz.c.obj)
                0x00002dd0                tz_nonsecure_fpu_access_enable
 .text.tz_sau_configure
                0x00002de4       0x28 zephyr/arch/arch/arm/core/aarch32/cortex_m/tz/libarch__arm__core__aarch32__cortex_m__tz.a(arm_core_tz.c.obj)
                0x00002de4                tz_sau_configure
 .text.__stdout_hook_install
                0x00002e0c        0xc zephyr/lib/libc/minimal/liblib__libc__minimal.a(stdout_console.c.obj)
                0x00002e0c                __stdout_hook_install
 .text.uarte_nrfx_configure
                0x00002e18      0x16c zephyr/drivers/serial/libdrivers__serial.a(uart_nrfx_uarte.c.obj)
 .text.uarte_nrfx_poll_out
                0x00002f84       0xb8 zephyr/drivers/serial/libdrivers__serial.a(uart_nrfx_uarte.c.obj)
 .text.uarte_instance_init.isra.0
                0x0000303c      0x128 zephyr/drivers/serial/libdrivers__serial.a(uart_nrfx_uarte.c.obj)
 .text.uarte_0_init
                0x00003164       0x30 zephyr/drivers/serial/libdrivers__serial.a(uart_nrfx_uarte.c.obj)
 .text.uarte_1_init
                0x00003194       0x30 zephyr/drivers/serial/libdrivers__serial.a(uart_nrfx_uarte.c.obj)
 .text.k_sys_fatal_error_handler
                0x000031c4       0x14 modules/nrf/lib/fatal_error/lib..__nrf__lib__fatal_error.a(fatal_error.c.obj)
                0x000031c4                k_sys_fatal_error_handler
 .text.check_ext_api_requests
                0x000031d8       0x9c modules/nrf/subsys/fw_info/lib..__nrf__subsys__fw_info.a(fw_info.c.obj)
 .text.nrf91_errata_14
                0x00003274       0x1c modules/hal_nordic/libmodules__hal_nordic.a(system_nrf9160.c.obj)
 .text.SystemInit
                0x00003290      0x174 modules/hal_nordic/libmodules__hal_nordic.a(system_nrf9160.c.obj)
                0x00003290                SystemInit
 .text.nrfx_clock_init
                0x00003404       0x20 modules/hal_nordic/libmodules__hal_nordic.a(nrfx_clock.c.obj)
                0x00003404                nrfx_clock_init
 .text.nrfx_clock_start
                0x00003424       0x64 modules/hal_nordic/libmodules__hal_nordic.a(nrfx_clock.c.obj)
                0x00003424                nrfx_clock_start
 .text.nrfx_clock_stop
                0x00003488       0x84 modules/hal_nordic/libmodules__hal_nordic.a(nrfx_clock.c.obj)
                0x00003488                nrfx_clock_stop
 .text.nrfx_power_clock_irq_handler
                0x0000350c       0x68 modules/hal_nordic/libmodules__hal_nordic.a(nrfx_clock.c.obj)
                0x0000350c                nrfx_power_clock_irq_handler
 .text.nrfx_dppi_channel_alloc
                0x00003574       0x3c modules/hal_nordic/libmodules__hal_nordic.a(nrfx_dppi.c.obj)
                0x00003574                nrfx_dppi_channel_alloc
 .text.z_sys_init_run_level
                0x000035b0       0x50 zephyr/kernel/libkernel.a(device.c.obj)
                0x000035b0                z_sys_init_run_level
 .text.z_device_ready
                0x00003600       0x2c zephyr/kernel/libkernel.a(device.c.obj)
                0x00003600                z_device_ready
 .text.z_impl_device_get_binding
                0x0000362c       0x50 zephyr/kernel/libkernel.a(device.c.obj)
                0x0000362c                z_impl_device_get_binding
 .text.z_fatal_error
                0x0000367c       0x9c zephyr/kernel/libkernel.a(fatal.c.obj)
                0x0000367c                z_fatal_error
 .text.idle     0x00003718       0x60 zephyr/kernel/libkernel.a(idle.c.obj)
                0x00003718                idle
 .text.z_bss_zero
                0x00003778       0x14 zephyr/kernel/libkernel.a(init.c.obj)
                0x00003778                z_bss_zero
 .text.bg_thread_main
                0x0000378c       0x34 zephyr/kernel/libkernel.a(init.c.obj)
 .text.z_cstart
                0x000037c0      0x10c zephyr/kernel/libkernel.a(init.c.obj)
                0x000037c0                z_cstart
 .text.init_mem_slab_module
                0x000038cc       0x44 zephyr/kernel/libkernel.a(mem_slab.c.obj)
 .text.k_mem_slab_alloc
                0x00003910       0x64 zephyr/kernel/libkernel.a(mem_slab.c.obj)
                0x00003910                k_mem_slab_alloc
 .text.k_mem_slab_free
                0x00003974       0x54 zephyr/kernel/libkernel.a(mem_slab.c.obj)
                0x00003974                k_mem_slab_free
 .text.z_impl_k_mutex_lock
                0x000039c8       0xf0 zephyr/kernel/libkernel.a(mutex.c.obj)
                0x000039c8                z_impl_k_mutex_lock
 .text.z_impl_k_mutex_unlock
                0x00003ab8       0x8c zephyr/kernel/libkernel.a(mutex.c.obj)
                0x00003ab8                z_impl_k_mutex_unlock
 .text.z_reset_time_slice
                0x00003b44       0x2c zephyr/kernel/libkernel.a(sched.c.obj)
                0x00003b44                z_reset_time_slice
 .text.k_sched_time_slice_set
                0x00003b70       0x58 zephyr/kernel/libkernel.a(sched.c.obj)
                0x00003b70                k_sched_time_slice_set
 .text.z_reschedule
                0x00003bc8       0x24 zephyr/kernel/libkernel.a(sched.c.obj)
                0x00003bc8                z_reschedule
 .text.k_sched_lock
                0x00003bec       0x28 zephyr/kernel/libkernel.a(sched.c.obj)
                0x00003bec                k_sched_lock
 .text.z_priq_dumb_remove
                0x00003c14       0x2c zephyr/kernel/libkernel.a(sched.c.obj)
                0x00003c14                z_priq_dumb_remove
 .text.update_cache
                0x00003c40       0x50 zephyr/kernel/libkernel.a(sched.c.obj)
 .text.k_sched_unlock
                0x00003c90       0x38 zephyr/kernel/libkernel.a(sched.c.obj)
                0x00003c90                k_sched_unlock
 .text.ready_thread
                0x00003cc8       0x70 zephyr/kernel/libkernel.a(sched.c.obj)
 .text.z_sched_start
                0x00003d38       0x3c zephyr/kernel/libkernel.a(sched.c.obj)
                0x00003d38                z_sched_start
 .text.move_thread_to_end_of_prio_q
                0x00003d74       0x74 zephyr/kernel/libkernel.a(sched.c.obj)
 .text.z_time_slice
                0x00003de8       0x84 zephyr/kernel/libkernel.a(sched.c.obj)
                0x00003de8                z_time_slice
 .text.z_impl_k_thread_suspend
                0x00003e6c       0x68 zephyr/kernel/libkernel.a(sched.c.obj)
                0x00003e6c                z_impl_k_thread_suspend
 .text.z_thread_single_abort
                0x00003ed4      0x104 zephyr/kernel/libkernel.a(sched.c.obj)
                0x00003ed4                z_thread_single_abort
 .text.unready_thread
                0x00003fd8       0x34 zephyr/kernel/libkernel.a(sched.c.obj)
 .text.pend     0x0000400c       0x4c zephyr/kernel/libkernel.a(sched.c.obj)
 .text.z_pend_curr
                0x00004058       0x28 zephyr/kernel/libkernel.a(sched.c.obj)
                0x00004058                z_pend_curr
 .text.z_tick_sleep.part.0
                0x00004080       0x74 zephyr/kernel/libkernel.a(sched.c.obj)
 .text.z_set_prio
                0x000040f4       0x88 zephyr/kernel/libkernel.a(sched.c.obj)
                0x000040f4                z_set_prio
 .text.z_sched_init
                0x0000417c       0x18 zephyr/kernel/libkernel.a(sched.c.obj)
                0x0000417c                z_sched_init
 .text.z_impl_k_yield
                0x00004194       0x9c zephyr/kernel/libkernel.a(sched.c.obj)
                0x00004194                z_impl_k_yield
 .text.z_impl_k_sleep
                0x00004230       0x44 zephyr/kernel/libkernel.a(sched.c.obj)
                0x00004230                z_impl_k_sleep
 .text.z_impl_k_current_get
                0x00004274        0xc zephyr/kernel/libkernel.a(sched.c.obj)
                0x00004274                z_impl_k_current_get
 .text.z_impl_k_sem_give
                0x00004280       0x40 zephyr/kernel/libkernel.a(sem.c.obj)
                0x00004280                z_impl_k_sem_give
 .text.z_impl_k_sem_take
                0x000042c0       0x54 zephyr/kernel/libkernel.a(sem.c.obj)
                0x000042c0                z_impl_k_sem_take
 .text.z_setup_new_thread
                0x00004314       0x60 zephyr/kernel/libkernel.a(thread.c.obj)
                0x00004314                z_setup_new_thread
 .text.z_init_static_threads
                0x00004374       0xbc zephyr/kernel/libkernel.a(thread.c.obj)
                0x00004374                z_init_static_threads
 .text.z_self_abort
                0x00004430       0x28 zephyr/kernel/libkernel.a(thread_abort.c.obj)
                0x00004430                z_self_abort
 .text.boot_banner
                0x00004458       0x18 zephyr/kernel/libkernel.a(banner.c.obj)
                0x00004458                boot_banner
 .text.z_data_copy
                0x00004470       0x34 zephyr/kernel/libkernel.a(xip.c.obj)
                0x00004470                z_data_copy
 .text.elapsed  0x000044a4       0x14 zephyr/kernel/libkernel.a(timeout.c.obj)
 .text.remove_timeout
                0x000044b8       0x34 zephyr/kernel/libkernel.a(timeout.c.obj)
 .text.next_timeout
                0x000044ec       0x58 zephyr/kernel/libkernel.a(timeout.c.obj)
 .text.z_add_timeout
                0x00004544      0x11c zephyr/kernel/libkernel.a(timeout.c.obj)
                0x00004544                z_add_timeout
 .text.z_clock_announce
                0x00004660       0xd4 zephyr/kernel/libkernel.a(timeout.c.obj)
                0x00004660                z_clock_announce
 .text.z_tick_get
                0x00004734       0x34 zephyr/kernel/libkernel.a(timeout.c.obj)
                0x00004734                z_tick_get
 .text.statics_init
                0x00004768       0x24 zephyr/kernel/libkernel.a(kheap.c.obj)
 .text.CC_PalMemCopyPlat
                0x0000478c        0x4 modules/nrfxlib/nrf_security/src/mbedtls/cc310/libmbedcrypto_cc3xx.a(cc_pal_mem.c.obj)
                0x0000478c                CC_PalMemCopyPlat
 .text.CC_PalMemSetZeroPlat
                0x00004790        0x8 modules/nrfxlib/nrf_security/src/mbedtls/cc310/libmbedcrypto_cc3xx.a(cc_pal_mem.c.obj)
                0x00004790                CC_PalMemSetZeroPlat
 .text.CC_PalInit
                0x00004798       0x5c modules/nrfxlib/nrf_security/src/mbedtls/cc310/libmbedcrypto_cc3xx.a(cc_pal.c.obj)
                0x00004798                CC_PalInit
 .text.CC_PalTerminate
                0x000047f4       0x34 modules/nrfxlib/nrf_security/src/mbedtls/cc310/libmbedcrypto_cc3xx.a(cc_pal.c.obj)
                0x000047f4                CC_PalTerminate
 .text.CC_PalDmaInit
                0x00004828        0x4 modules/nrfxlib/nrf_security/src/mbedtls/cc310/libmbedcrypto_cc3xx.a(cc_pal_dma.c.obj)
                0x00004828                CC_PalDmaInit
 .text.CC_PalDmaTerminate
                0x0000482c        0x4 modules/nrfxlib/nrf_security/src/mbedtls/cc310/libmbedcrypto_cc3xx.a(cc_pal_dma.c.obj)
                0x0000482c                CC_PalDmaTerminate
 .text.CC_PalMutexCreate
                0x00004830       0x14 modules/nrfxlib/nrf_security/src/mbedtls/cc310/libmbedcrypto_cc3xx.a(cc_pal_mutex.c.obj)
                0x00004830                CC_PalMutexCreate
 .text.CC_PalMutexDestroy
                0x00004844       0x14 modules/nrfxlib/nrf_security/src/mbedtls/cc310/libmbedcrypto_cc3xx.a(cc_pal_mutex.c.obj)
                0x00004844                CC_PalMutexDestroy
 .text.CC_PalMutexLock
                0x00004858       0x10 modules/nrfxlib/nrf_security/src/mbedtls/cc310/libmbedcrypto_cc3xx.a(cc_pal_mutex.c.obj)
                0x00004858                CC_PalMutexLock
 .text.CC_PalMutexUnlock
                0x00004868       0x14 modules/nrfxlib/nrf_security/src/mbedtls/cc310/libmbedcrypto_cc3xx.a(cc_pal_mutex.c.obj)
                0x00004868                CC_PalMutexUnlock
 .text.CC_PalPowerSaveModeInit
                0x0000487c       0x3c modules/nrfxlib/nrf_security/src/mbedtls/cc310/libmbedcrypto_cc3xx.a(cc_pal_pm.c.obj)
                0x0000487c                CC_PalPowerSaveModeInit
 .text.CC_PalPowerSaveModeSelect
                0x000048b8       0x84 modules/nrfxlib/nrf_security/src/mbedtls/cc310/libmbedcrypto_cc3xx.a(cc_pal_pm.c.obj)
                0x000048b8                CC_PalPowerSaveModeSelect
 .text.CC_HalInit
                0x0000493c        0x4 modules/nrfxlib/nrf_security/src/mbedtls/cc310/libmbedcrypto_cc3xx.a(cc_hal.c.obj)
                0x0000493c                CC_HalInit
 .text.CC_HalTerminate
                0x00004940        0x4 modules/nrfxlib/nrf_security/src/mbedtls/cc310/libmbedcrypto_cc3xx.a(cc_hal.c.obj)
                0x00004940                CC_HalTerminate
 .text.CC_HalClearInterruptBit
                0x00004944       0x1c modules/nrfxlib/nrf_security/src/mbedtls/cc310/libmbedcrypto_cc3xx.a(cc_hal.c.obj)
                0x00004944                CC_HalClearInterruptBit
 .text.CC_HalMaskInterrupt
                0x00004960        0xc modules/nrfxlib/nrf_security/src/mbedtls/cc310/libmbedcrypto_cc3xx.a(cc_hal.c.obj)
                0x00004960                CC_HalMaskInterrupt
 .text.CC_HalWaitInterruptRND
                0x0000496c        0xc modules/nrfxlib/nrf_security/src/mbedtls/cc310/libmbedcrypto_cc3xx.a(cc_hal.c.obj)
                0x0000496c                CC_HalWaitInterruptRND
 .text.CC_PalWaitInterruptRND
                0x00004978       0x30 modules/nrfxlib/nrf_security/src/mbedtls/cc310/libmbedcrypto_cc3xx.a(cc_pal_interrupt_ctrl.c.obj)
                0x00004978                CC_PalWaitInterruptRND
 .text.mbedtls_platform_setup
                0x000049a8        0x4 C:/Users/eivin/ncs/v1.5.1/nrfxlib/crypto/nrf_cc310_platform/lib/cortex-m33/hard-float/no-interrupts/libnrf_cc310_platform_0.9.7.a(platform_alt.c.obj)
                0x000049a8                mbedtls_platform_setup
 .text.mbedtls_platform_zeroize
                0x000049ac       0x14 C:/Users/eivin/ncs/v1.5.1/nrfxlib/crypto/nrf_cc310_platform/lib/cortex-m33/hard-float/no-interrupts/libnrf_cc310_platform_0.9.7.a(mbedtls_common.c.obj)
                0x000049ac                mbedtls_platform_zeroize
 .text.mbedtls_hardware_poll
                0x000049c0       0xac C:/Users/eivin/ncs/v1.5.1/nrfxlib/crypto/nrf_cc310_platform/lib/cortex-m33/hard-float/no-interrupts/libnrf_cc310_platform_0.9.7.a(trng_api.c.obj)
                0x000049c0                mbedtls_hardware_poll
 .text.RNG_PLAT_SetUserRngParameters
                0x00004a6c       0x7c C:/Users/eivin/ncs/v1.5.1/nrfxlib/crypto/nrf_cc310_platform/lib/cortex-m33/hard-float/no-interrupts/libnrf_cc310_platform_0.9.7.a(cc_rng_plat.c.obj)
                0x00004a6c                RNG_PLAT_SetUserRngParameters
 .text.nrf_cc3xx_platform_init
                0x00004ae8       0x44 C:/Users/eivin/ncs/v1.5.1/nrfxlib/crypto/nrf_cc310_platform/lib/cortex-m33/hard-float/no-interrupts/libnrf_cc310_platform_0.9.7.a(nrf_cc3xx_platform.c.obj)
                0x00004ae8                nrf_cc3xx_platform_init
 .text.nrf_cc3xx_platform_init_no_rng
                0x00004b2c       0x38 C:/Users/eivin/ncs/v1.5.1/nrfxlib/crypto/nrf_cc310_platform/lib/cortex-m33/hard-float/no-interrupts/libnrf_cc310_platform_0.9.7.a(nrf_cc3xx_platform.c.obj)
                0x00004b2c                nrf_cc3xx_platform_init_no_rng
 .text.nrf_cc3xx_platform_abort
                0x00004b64       0x24 C:/Users/eivin/ncs/v1.5.1/nrfxlib/crypto/nrf_cc310_platform/lib/cortex-m33/hard-float/no-interrupts/libnrf_cc310_platform_0.9.7.a(nrf_cc3xx_platform_abort.c.obj)
 .text.CC_PalAbort
                0x00004b88       0x38 C:/Users/eivin/ncs/v1.5.1/nrfxlib/crypto/nrf_cc310_platform/lib/cortex-m33/hard-float/no-interrupts/libnrf_cc310_platform_0.9.7.a(nrf_cc3xx_platform_abort.c.obj)
                0x00004b88                CC_PalAbort
 .text.nrf_cc3xx_platform_set_abort
                0x00004bc0       0x10 C:/Users/eivin/ncs/v1.5.1/nrfxlib/crypto/nrf_cc310_platform/lib/cortex-m33/hard-float/no-interrupts/libnrf_cc310_platform_0.9.7.a(nrf_cc3xx_platform_abort.c.obj)
                0x00004bc0                nrf_cc3xx_platform_set_abort
 .text.mutex_unlock
                0x00004bd0       0x20 C:/Users/eivin/ncs/v1.5.1/nrfxlib/crypto/nrf_cc310_platform/lib/cortex-m33/hard-float/no-interrupts/libnrf_cc310_platform_0.9.7.a(nrf_cc3xx_platform_mutex.c.obj)
 .text.mutex_free
                0x00004bf0       0x24 C:/Users/eivin/ncs/v1.5.1/nrfxlib/crypto/nrf_cc310_platform/lib/cortex-m33/hard-float/no-interrupts/libnrf_cc310_platform_0.9.7.a(nrf_cc3xx_platform_mutex.c.obj)
 .text.mutex_init
                0x00004c14       0x20 C:/Users/eivin/ncs/v1.5.1/nrfxlib/crypto/nrf_cc310_platform/lib/cortex-m33/hard-float/no-interrupts/libnrf_cc310_platform_0.9.7.a(nrf_cc3xx_platform_mutex.c.obj)
 .text.mutex_lock
                0x00004c34       0x30 C:/Users/eivin/ncs/v1.5.1/nrfxlib/crypto/nrf_cc310_platform/lib/cortex-m33/hard-float/no-interrupts/libnrf_cc310_platform_0.9.7.a(nrf_cc3xx_platform_mutex.c.obj)
 .text.nrf_cc3xx_platform_set_mutexes
                0x00004c64       0x38 C:/Users/eivin/ncs/v1.5.1/nrfxlib/crypto/nrf_cc310_platform/lib/cortex-m33/hard-float/no-interrupts/libnrf_cc310_platform_0.9.7.a(nrf_cc3xx_platform_mutex.c.obj)
                0x00004c64                nrf_cc3xx_platform_set_mutexes
 .text.CC_LibInitNoRng
                0x00004c9c       0x6c C:/Users/eivin/ncs/v1.5.1/nrfxlib/crypto/nrf_cc310_platform/lib/cortex-m33/hard-float/no-interrupts/libnrf_cc310_platform_0.9.7.a(cc_lib.c.obj)
                0x00004c9c                CC_LibInitNoRng
 .text.CC_LibInitRngModule
                0x00004d08       0xbc C:/Users/eivin/ncs/v1.5.1/nrfxlib/crypto/nrf_cc310_platform/lib/cortex-m33/hard-float/no-interrupts/libnrf_cc310_platform_0.9.7.a(cc_lib.c.obj)
                0x00004d08                CC_LibInitRngModule
 .text.CC_LibInit
                0x00004dc4       0x80 C:/Users/eivin/ncs/v1.5.1/nrfxlib/crypto/nrf_cc310_platform/lib/cortex-m33/hard-float/no-interrupts/libnrf_cc310_platform_0.9.7.a(cc_lib.c.obj)
                0x00004dc4                CC_LibInit
 .text.CC_PalTrngParamGet
                0x00004e44      0x110 C:/Users/eivin/ncs/v1.5.1/nrfxlib/crypto/nrf_cc310_platform/lib/cortex-m33/hard-float/no-interrupts/libnrf_cc310_platform_0.9.7.a(cc_pal_trng.c.obj)
                0x00004e44                CC_PalTrngParamGet
 .text.startTrngHW
                0x00004f54      0x154 C:/Users/eivin/ncs/v1.5.1/nrfxlib/crypto/nrf_cc310_platform/lib/cortex-m33/hard-float/no-interrupts/libnrf_cc310_platform_0.9.7.a(llf_rnd_trng90b.c.obj)
 .text.LLF_RND_RepetitionCounterTest.part.0
                0x000050a8       0x58 C:/Users/eivin/ncs/v1.5.1/nrfxlib/crypto/nrf_cc310_platform/lib/cortex-m33/hard-float/no-interrupts/libnrf_cc310_platform_0.9.7.a(llf_rnd_trng90b.c.obj)
 .text.LLF_RND_AdaptiveProportionTest
                0x00005100       0xcc C:/Users/eivin/ncs/v1.5.1/nrfxlib/crypto/nrf_cc310_platform/lib/cortex-m33/hard-float/no-interrupts/libnrf_cc310_platform_0.9.7.a(llf_rnd_trng90b.c.obj)
                0x00005100                LLF_RND_AdaptiveProportionTest
 .text.getTrngSource
                0x000051cc      0x2d0 C:/Users/eivin/ncs/v1.5.1/nrfxlib/crypto/nrf_cc310_platform/lib/cortex-m33/hard-float/no-interrupts/libnrf_cc310_platform_0.9.7.a(llf_rnd_trng90b.c.obj)
 .text.LLF_RND_GetTrngSource
                0x0000549c       0x98 C:/Users/eivin/ncs/v1.5.1/nrfxlib/crypto/nrf_cc310_platform/lib/cortex-m33/hard-float/no-interrupts/libnrf_cc310_platform_0.9.7.a(llf_rnd_trng90b.c.obj)
                0x0000549c                LLF_RND_GetTrngSource
 .text.LLF_RND_RunTrngStartupTest
                0x00005534       0x1c C:/Users/eivin/ncs/v1.5.1/nrfxlib/crypto/nrf_cc310_platform/lib/cortex-m33/hard-float/no-interrupts/libnrf_cc310_platform_0.9.7.a(llf_rnd_trng90b.c.obj)
                0x00005534                LLF_RND_RunTrngStartupTest
 .text.LLF_RND_WaitRngInterrupt
                0x00005550       0x20 C:/Users/eivin/ncs/v1.5.1/nrfxlib/crypto/nrf_cc310_platform/lib/cortex-m33/hard-float/no-interrupts/libnrf_cc310_platform_0.9.7.a(llf_rnd.c.obj)
                0x00005550                LLF_RND_WaitRngInterrupt
 .text.LLF_RND_GetRoscSampleCnt
                0x00005570       0x3c C:/Users/eivin/ncs/v1.5.1/nrfxlib/crypto/nrf_cc310_platform/lib/cortex-m33/hard-float/no-interrupts/libnrf_cc310_platform_0.9.7.a(llf_rnd.c.obj)
                0x00005570                LLF_RND_GetRoscSampleCnt
 .text.LLF_RND_GetFastestRosc
                0x000055ac       0x20 C:/Users/eivin/ncs/v1.5.1/nrfxlib/crypto/nrf_cc310_platform/lib/cortex-m33/hard-float/no-interrupts/libnrf_cc310_platform_0.9.7.a(llf_rnd.c.obj)
                0x000055ac                LLF_RND_GetFastestRosc
 .text.LLF_RND_TurnOffTrng
                0x000055cc       0x1c C:/Users/eivin/ncs/v1.5.1/nrfxlib/crypto/nrf_cc310_platform/lib/cortex-m33/hard-float/no-interrupts/libnrf_cc310_platform_0.9.7.a(llf_rnd.c.obj)
                0x000055cc                LLF_RND_TurnOffTrng
 .text.main     0x000055e8        0xe app/libapp.a(main.c.obj)
                0x000055e8                main
 .text.sys_notify_validate
                0x000055f6       0x22 zephyr/libzephyr.a(notify.c.obj)
                0x000055f6                sys_notify_validate
 .text.sys_notify_finalize
                0x00005618       0x18 zephyr/libzephyr.a(notify.c.obj)
                0x00005618                sys_notify_finalize
 .text.arch_printk_char_out
                0x00005630        0x4 zephyr/libzephyr.a(printk.c.obj)
                0x00005630                arch_printk_char_out
 .text.printk   0x00005634       0x1a zephyr/libzephyr.a(printk.c.obj)
                0x00005634                printk
 .text.process_recheck
                0x0000564e       0x38 zephyr/libzephyr.a(onoff.c.obj)
 .text.notify_one
                0x00005686       0x2c zephyr/libzephyr.a(onoff.c.obj)
 .text.transition_complete
                0x000056b2       0x1e zephyr/libzephyr.a(onoff.c.obj)
 .text.validate_args
                0x000056d0       0x1e zephyr/libzephyr.a(onoff.c.obj)
 .text.onoff_manager_init
                0x000056ee       0x26 zephyr/libzephyr.a(onoff.c.obj)
                0x000056ee                onoff_manager_init
 .text.onoff_request
                0x00005714       0x92 zephyr/libzephyr.a(onoff.c.obj)
                0x00005714                onoff_request
 .text.z_thread_entry
                0x000057a6       0x14 zephyr/libzephyr.a(thread_entry.c.obj)
                0x000057a6                z_thread_entry
 .text.chunk_field
                0x000057ba       0x16 zephyr/libzephyr.a(heap.c.obj)
 .text.chunk_set
                0x000057d0       0x16 zephyr/libzephyr.a(heap.c.obj)
 .text.chunk_size
                0x000057e6        0xc zephyr/libzephyr.a(heap.c.obj)
 .text.set_chunk_used
                0x000057f2       0x30 zephyr/libzephyr.a(heap.c.obj)
 .text.set_chunk_size
                0x00005822        0x8 zephyr/libzephyr.a(heap.c.obj)
 .text.bucket_idx
                0x0000582a       0x1a zephyr/libzephyr.a(heap.c.obj)
 .text.free_list_add
                0x00005844       0x8a zephyr/libzephyr.a(heap.c.obj)
 .text.sys_heap_init
                0x000058ce       0xa4 zephyr/libzephyr.a(heap.c.obj)
                0x000058ce                sys_heap_init
 .text._ldiv5   0x00005972       0x3e zephyr/libzephyr.a(cbprintf_complete.c.obj)
 .text._get_digit
                0x000059b0       0x2e zephyr/libzephyr.a(cbprintf_complete.c.obj)
 .text.encode_uint
                0x000059de       0x96 zephyr/libzephyr.a(cbprintf_complete.c.obj)
 .text.outs     0x00005a74       0x32 zephyr/libzephyr.a(cbprintf_complete.c.obj)
 .text._ConfigAbsSyms
                0x00005aa6        0x2 zephyr/libzephyr.a(configs.c.obj)
                0x00005aa6                _ConfigAbsSyms
 .text.z_platform_init
                0x00005aa8        0x4 zephyr/libzephyr.a(soc.c.obj)
                0x00005aa8                z_platform_init
 .text.get_status
                0x00005aac       0x12 zephyr/libzephyr.a(clock_control_nrf.c.obj)
 .text.set_off_state
                0x00005abe       0x32 zephyr/libzephyr.a(clock_control_nrf.c.obj)
 .text.set_starting_state
                0x00005af0       0x3c zephyr/libzephyr.a(clock_control_nrf.c.obj)
 .text.set_on_state
                0x00005b2c       0x26 zephyr/libzephyr.a(clock_control_nrf.c.obj)
 .text.onoff_started_callback
                0x00005b52       0x14 zephyr/libzephyr.a(clock_control_nrf.c.obj)
 .text.lfclk_start
                0x00005b66        0x6 zephyr/libzephyr.a(clock_control_nrf.c.obj)
 .text.lfclk_stop
                0x00005b6c        0x6 zephyr/libzephyr.a(clock_control_nrf.c.obj)
 .text.blocking_start_callback
                0x00005b72        0x6 zephyr/libzephyr.a(clock_control_nrf.c.obj)
 .text.api_stop
                0x00005b78       0x28 zephyr/libzephyr.a(clock_control_nrf.c.obj)
 .text.api_start
                0x00005ba0       0x34 zephyr/libzephyr.a(clock_control_nrf.c.obj)
 .text.z_clock_isr
                0x00005bd4        0x2 zephyr/libzephyr.a(sys_clock_init.c.obj)
                0x00005bd4                z_clock_isr
 .text.z_clock_idle_exit
                0x00005bd6        0x2 zephyr/libzephyr.a(sys_clock_init.c.obj)
                0x00005bd6                z_clock_idle_exit
 .text.sys_clock_disable
                0x00005bd8        0x2 zephyr/libzephyr.a(sys_clock_init.c.obj)
                0x00005bd8                sys_clock_disable
 .text.spm_secure_services_init
                0x00005bda       0x14 zephyr/libzephyr.a(secure_services.c.obj)
                0x00005bda                spm_secure_services_init
 .text.spm_request_random_number_nse
                0x00005bee       0x9a zephyr/libzephyr.a(secure_services.c.obj)
                0x00005bee                __acle_se_spm_request_random_number_nse
 .text.abort_function
                0x00005c88        0x6 zephyr/libzephyr.a(nrf_cc3xx_platform_abort_zephyr.c.obj)
 .text.z_irq_spurious
                0x00005c8e        0x8 zephyr/arch/arch/arm/core/aarch32/libarch__arm__core__aarch32.a(irq_manage.c.obj)
                0x00005c8e                z_irq_spurious
 .text.irq_target_state_set
                0x00005c96       0x5c zephyr/arch/arch/arm/core/aarch32/libarch__arm__core__aarch32.a(irq_manage.c.obj)
                0x00005c96                irq_target_state_set
 .text.configure_builtin_stack_guard
                0x00005cf2        0x8 zephyr/arch/arch/arm/core/aarch32/libarch__arm__core__aarch32.a(thread.c.obj)
                0x00005cf2                configure_builtin_stack_guard
 .text.z_do_kernel_oops
                0x00005cfa        0x8 zephyr/arch/arch/arm/core/aarch32/libarch__arm__core__aarch32.a(fatal.c.obj)
                0x00005cfa                z_do_kernel_oops
 .text.z_arm_nmi
                0x00005d02        0xe zephyr/arch/arch/arm/core/aarch32/libarch__arm__core__aarch32.a(nmi.c.obj)
                0x00005d02                z_arm_nmi
 .text.arm_cmse_mpu_region_get
                0x00005d10       0x14 zephyr/arch/arch/arm/core/aarch32/cortex_m/cmse/libarch__arm__core__aarch32__cortex_m__cmse.a(arm_core_cmse.c.obj)
                0x00005d10                arm_cmse_mpu_region_get
 .text.arm_cmse_addr_is_secure
                0x00005d24        0xa zephyr/arch/arch/arm/core/aarch32/cortex_m/cmse/libarch__arm__core__aarch32__cortex_m__cmse.a(arm_core_cmse.c.obj)
                0x00005d24                arm_cmse_addr_is_secure
 .text.strlen   0x00005d2e        0xe zephyr/lib/libc/minimal/liblib__libc__minimal.a(string.c.obj)
                0x00005d2e                strlen
 .text.strnlen  0x00005d3c       0x12 zephyr/lib/libc/minimal/liblib__libc__minimal.a(string.c.obj)
                0x00005d3c                strnlen
 .text.strcmp   0x00005d4e       0x18 zephyr/lib/libc/minimal/liblib__libc__minimal.a(string.c.obj)
                0x00005d4e                strcmp
 .text.memcmp   0x00005d66       0x20 zephyr/lib/libc/minimal/liblib__libc__minimal.a(string.c.obj)
                0x00005d66                memcmp
 .text.memmove  0x00005d86       0x2e zephyr/lib/libc/minimal/liblib__libc__minimal.a(string.c.obj)
                0x00005d86                memmove
 .text.memcpy   0x00005db4       0x56 zephyr/lib/libc/minimal/liblib__libc__minimal.a(string.c.obj)
                0x00005db4                memcpy
 .text.memset   0x00005e0a       0x46 zephyr/lib/libc/minimal/liblib__libc__minimal.a(string.c.obj)
                0x00005e0a                memset
 .text._stdout_hook_default
                0x00005e50        0x6 zephyr/lib/libc/minimal/liblib__libc__minimal.a(stdout_console.c.obj)
 .text.uarte_nrfx_isr_int
                0x00005e56       0x40 zephyr/drivers/serial/libdrivers__serial.a(uart_nrfx_uarte.c.obj)
 .text.uarte_nrfx_config_get
                0x00005e96       0x10 zephyr/drivers/serial/libdrivers__serial.a(uart_nrfx_uarte.c.obj)
 .text.uarte_nrfx_err_check
                0x00005ea6        0xe zephyr/drivers/serial/libdrivers__serial.a(uart_nrfx_uarte.c.obj)
 .text.is_tx_ready
                0x00005eb4       0x1e zephyr/drivers/serial/libdrivers__serial.a(uart_nrfx_uarte.c.obj)
 .text.uarte_nrfx_poll_in
                0x00005ed2       0x26 zephyr/drivers/serial/libdrivers__serial.a(uart_nrfx_uarte.c.obj)
 .text.hw_cc3xx_init
                0x00005ef8       0x12 modules/nrf/drivers/hw_cc310/lib..__nrf__drivers__hw_cc310.a(hw_cc310.c.obj)
 .text.nrfx_isr
                0x00005f0a        0x2 modules/hal_nordic/libmodules__hal_nordic.a(nrfx_glue.c.obj)
                0x00005f0a                nrfx_isr
 .text.nrfx_busy_wait
                0x00005f0c        0x4 modules/hal_nordic/libmodules__hal_nordic.a(nrfx_glue.c.obj)
                0x00005f0c                nrfx_busy_wait
 .text.nrfx_clock_enable
                0x00005f10       0x16 modules/hal_nordic/libmodules__hal_nordic.a(nrfx_clock.c.obj)
                0x00005f10                nrfx_clock_enable
 .text.z_pm_save_idle_exit
                0x00005f26        0x4 zephyr/kernel/libkernel.a(idle.c.obj)
                0x00005f26                z_pm_save_idle_exit
 .text.k_mem_slab_init
                0x00005f2a       0x36 zephyr/kernel/libkernel.a(mem_slab.c.obj)
                0x00005f2a                k_mem_slab_init
 .text.z_impl_k_mutex_init
                0x00005f60        0xe zephyr/kernel/libkernel.a(mutex.c.obj)
                0x00005f60                z_impl_k_mutex_init
 .text.z_reschedule_irqlock
                0x00005f6e       0x18 zephyr/kernel/libkernel.a(sched.c.obj)
                0x00005f6e                z_reschedule_irqlock
 .text.z_reschedule_unlocked
                0x00005f86       0x14 zephyr/kernel/libkernel.a(sched.c.obj)
 .text.unpend_thread_no_timeout
                0x00005f9a       0x18 zephyr/kernel/libkernel.a(sched.c.obj)
 .text.z_priq_dumb_best
                0x00005fb2       0x14 zephyr/kernel/libkernel.a(sched.c.obj)
                0x00005fb2                z_priq_dumb_best
 .text.z_ready_thread
                0x00005fc6       0x20 zephyr/kernel/libkernel.a(sched.c.obj)
                0x00005fc6                z_ready_thread
 .text.z_thread_timeout
                0x00005fe6       0x40 zephyr/kernel/libkernel.a(sched.c.obj)
                0x00005fe6                z_thread_timeout
 .text.add_to_waitq_locked
                0x00006026       0x56 zephyr/kernel/libkernel.a(sched.c.obj)
 .text.z_unpend_first_thread
                0x0000607c       0x4a zephyr/kernel/libkernel.a(sched.c.obj)
                0x0000607c                z_unpend_first_thread
 .text.k_is_in_isr
                0x000060c6        0xc zephyr/kernel/libkernel.a(thread.c.obj)
                0x000060c6                k_is_in_isr
 .text.z_impl_k_busy_wait
                0x000060d2        0x8 zephyr/kernel/libkernel.a(thread.c.obj)
                0x000060d2                z_impl_k_busy_wait
 .text.k_thread_name_get
                0x000060da        0x4 zephyr/kernel/libkernel.a(thread.c.obj)
                0x000060da                k_thread_name_get
 .text.z_abort_timeout
                0x000060de       0x2c zephyr/kernel/libkernel.a(timeout.c.obj)
                0x000060de                z_abort_timeout
 .text.z_get_next_timeout_expiry
                0x0000610a       0x20 zephyr/kernel/libkernel.a(timeout.c.obj)
                0x0000610a                z_get_next_timeout_expiry
 .text.z_set_timeout_expiry
                0x0000612a       0x36 zephyr/kernel/libkernel.a(timeout.c.obj)
                0x0000612a                z_set_timeout_expiry
 .text.z_tick_get_32
                0x00006160        0x8 zephyr/kernel/libkernel.a(timeout.c.obj)
                0x00006160                z_tick_get_32
 .text.k_heap_init
                0x00006168       0x12 zephyr/kernel/libkernel.a(kheap.c.obj)
                0x00006168                k_heap_init
 .text._OffsetAbsSyms
                0x0000617a        0x2 zephyr/CMakeFiles/offsets.dir/./arch/arm/core/offsets/offsets.c.obj
                0x0000617a                _OffsetAbsSyms
 *(SORT_BY_ALIGNMENT(.TEXT.*))
 *(SORT_BY_ALIGNMENT(.gnu.linkonce.t.*))
 *(SORT_BY_ALIGNMENT(.glue_7t))
 .glue_7t       0x0000617c        0x0 linker stubs
 *(SORT_BY_ALIGNMENT(.glue_7))
 .glue_7        0x0000617c        0x0 linker stubs
 *(SORT_BY_ALIGNMENT(.vfp11_veneer))
 .vfp11_veneer  0x0000617c        0x0 linker stubs
 *(SORT_BY_ALIGNMENT(.v4_bx))
 .v4_bx         0x0000617c        0x0 linker stubs
                0x0000617c                _image_text_end = .

.ARM.exidx      0x0000617c        0x8
                0x0000617c                __exidx_start = .
 *(SORT_BY_ALIGNMENT(.ARM.exidx*) SORT_BY_ALIGNMENT(gnu.linkonce.armexidx.*))
 .ARM.exidx     0x0000617c        0x8 c:/users/eivin/ncs/v1.5.1/toolchain/opt/bin/../lib/gcc/arm-none-eabi/9.2.1/thumb/v8-m.main+fp/hard\libgcc.a(_udivmoddi4.o)
                0x00006184                __exidx_end = .
                0x00006184                _image_rodata_start = .

initlevel       0x00006184       0x58
                0x00006184                __init_start = .
                0x00006184                __init_PRE_KERNEL_1_start = .
 *(SORT_BY_NAME(SORT_BY_ALIGNMENT(.init_PRE_KERNEL_1[0-9]*)))
 .init_PRE_KERNEL_10
                0x00006184        0x8 zephyr/libzephyr.a(soc.c.obj)
 .init_PRE_KERNEL_130
                0x0000618c        0x8 zephyr/kernel/libkernel.a(mem_slab.c.obj)
 .init_PRE_KERNEL_130
                0x00006194        0x8 zephyr/kernel/libkernel.a(kheap.c.obj)
 .init_PRE_KERNEL_140
                0x0000619c        0x8 zephyr/arch/arch/arm/core/aarch32/cortex_m/mpu/libarch__arm__core__aarch32__cortex_m__mpu.a(arm_mpu.c.obj)
 .init_PRE_KERNEL_150
                0x000061a4        0x8 zephyr/libzephyr.a(clock_control_nrf.c.obj)
 .init_PRE_KERNEL_150
                0x000061ac       0x10 zephyr/drivers/serial/libdrivers__serial.a(uart_nrfx_uarte.c.obj)
 .init_PRE_KERNEL_160
                0x000061bc        0x8 zephyr/libzephyr.a(uart_console.c.obj)
 *(SORT_BY_NAME(SORT_BY_ALIGNMENT(.init_PRE_KERNEL_1[1-9][0-9]*)))
                0x000061c4                __init_PRE_KERNEL_2_start = .
 *(SORT_BY_NAME(SORT_BY_ALIGNMENT(.init_PRE_KERNEL_2[0-9]*)))
 .init_PRE_KERNEL_20
                0x000061c4        0x8 zephyr/libzephyr.a(sys_clock_init.c.obj)
 *(SORT_BY_NAME(SORT_BY_ALIGNMENT(.init_PRE_KERNEL_2[1-9][0-9]*)))
                0x000061cc                __init_POST_KERNEL_start = .
 *(SORT_BY_NAME(SORT_BY_ALIGNMENT(.init_POST_KERNEL[0-9]*)))
 .init_POST_KERNEL40
                0x000061cc        0x8 modules/nrf/drivers/hw_cc310/lib..__nrf__drivers__hw_cc310.a(hw_cc310.c.obj)
 .init_POST_KERNEL90
                0x000061d4        0x8 modules/nrf/subsys/fw_info/lib..__nrf__subsys__fw_info.a(fw_info.c.obj)
 *(SORT_BY_NAME(SORT_BY_ALIGNMENT(.init_POST_KERNEL[1-9][0-9]*)))
                0x000061dc                __init_APPLICATION_start = .
 *(SORT_BY_NAME(SORT_BY_ALIGNMENT(.init_APPLICATION[0-9]*)))
 *(SORT_BY_NAME(SORT_BY_ALIGNMENT(.init_APPLICATION[1-9][0-9]*)))
                0x000061dc                __init_SMP_start = .
 *(SORT_BY_NAME(SORT_BY_ALIGNMENT(.init_SMP[0-9]*)))
 *(SORT_BY_NAME(SORT_BY_ALIGNMENT(.init_SMP[1-9][0-9]*)))
                0x000061dc                __init_end = .

sw_isr_table    0x000061dc      0x208
                0x000061dc                . = ALIGN (0x0)
 *(SORT_BY_ALIGNMENT(.gnu.linkonce.sw_isr_table*))
 .gnu.linkonce.sw_isr_table*
                0x000061dc      0x208 zephyr/CMakeFiles/zephyr_final.dir/isr_tables.c.obj
                0x000061dc                _sw_isr_table

initlevel_error
                0x00006184        0x0
 *(SORT_BY_NAME(SORT_BY_ALIGNMENT(.init_[_A-Z0-9]*)))
                0x00000001                ASSERT ((SIZEOF (initlevel_error) == 0x0), Undefined initialization levels used.)

app_shmem_regions
                0x000063e4        0x0
                0x000063e4                __app_shmem_regions_start = .
 *(SORT_BY_NAME(SORT_BY_ALIGNMENT(.app_regions.*)))
                0x000063e4                __app_shmem_regions_end = .

bt_l2cap_fixed_chan_area
                0x000063e4        0x0
                0x000063e4                _bt_l2cap_fixed_chan_list_start = .
 *(SORT_BY_NAME(SORT_BY_ALIGNMENT(._bt_l2cap_fixed_chan.static.*)))
                0x000063e4                _bt_l2cap_fixed_chan_list_end = .

bt_gatt_service_static_area
                0x000063e4        0x0
                0x000063e4                _bt_gatt_service_static_list_start = .
 *(SORT_BY_NAME(SORT_BY_ALIGNMENT(._bt_gatt_service_static.static.*)))
                0x000063e4                _bt_gatt_service_static_list_end = .

k_p4wq_initparam_area
                0x000063e4        0x0
                0x000063e4                _k_p4wq_initparam_list_start = .
 *(SORT_BY_NAME(SORT_BY_ALIGNMENT(._k_p4wq_initparam.static.*)))
                0x000063e4                _k_p4wq_initparam_list_end = .

log_const_sections
                0x000063e4       0x38
                0x000063e4                __log_const_start = .
 *(SORT_BY_NAME(SORT_BY_ALIGNMENT(.log_const_*)))
 .log_const_clock_control
                0x000063e4        0x8 zephyr/libzephyr.a(clock_control_nrf.c.obj)
                0x000063e4                log_const_clock_control
 .log_const_fatal_error
                0x000063ec        0x8 modules/nrf/lib/fatal_error/lib..__nrf__lib__fatal_error.a(fatal_error.c.obj)
                0x000063ec                log_const_fatal_error
 .log_const_mpu
                0x000063f4        0x8 zephyr/arch/arch/arm/core/aarch32/cortex_m/mpu/libarch__arm__core__aarch32__cortex_m__mpu.a(arm_core_mpu.c.obj)
                0x000063f4                log_const_mpu
 .log_const_os  0x000063fc        0x8 zephyr/kernel/libkernel.a(init.c.obj)
                0x000063fc                log_const_os
 .log_const_power
                0x00006404        0x8 zephyr/libzephyr.a(power.c.obj)
                0x00006404                log_const_power
 .log_const_soc
                0x0000640c        0x8 zephyr/libzephyr.a(soc.c.obj)
                0x0000640c                log_const_soc
 .log_const_uart_nrfx_uarte
                0x00006414        0x8 zephyr/drivers/serial/libdrivers__serial.a(uart_nrfx_uarte.c.obj)
                0x00006414                log_const_uart_nrfx_uarte
                0x0000641c                __log_const_end = .

log_backends_sections
                0x0000641c        0x0
                0x0000641c                __log_backends_start = .
 *(SORT_BY_ALIGNMENT(._log_backend.*))
                0x0000641c                __log_backends_end = .

shell_area      0x0000641c        0x0
                0x0000641c                _shell_list_start = .
 *(SORT_BY_NAME(SORT_BY_ALIGNMENT(._shell.static.*)))
                0x0000641c                _shell_list_end = .

shell_root_cmds_sections
                0x0000641c        0x0
                0x0000641c                __shell_root_cmds_start = .
 *(SORT_BY_NAME(SORT_BY_ALIGNMENT(.shell_root_cmd_*)))
                0x0000641c                __shell_root_cmds_end = .

font_entry_sections
                0x0000641c        0x0
                0x0000641c                __font_entry_start = .
 *(SORT_BY_NAME(SORT_BY_ALIGNMENT(._cfb_font.*)))
                0x0000641c                __font_entry_end = .

tracing_backend_area
                0x0000641c        0x0
                0x0000641c                _tracing_backend_list_start = .
 *(SORT_BY_NAME(SORT_BY_ALIGNMENT(._tracing_backend.static.*)))
                0x0000641c                _tracing_backend_list_end = .

tdata           0x0000641c        0x0
 *(SORT_BY_ALIGNMENT(.tdata) SORT_BY_ALIGNMENT(.tdata.*) SORT_BY_ALIGNMENT(.gnu.linkonce.td.*))

tbss            0x0000641c        0x0
 *(SORT_BY_ALIGNMENT(.tbss) SORT_BY_ALIGNMENT(.tbss.*) SORT_BY_ALIGNMENT(.gnu.linkonce.tb.*) SORT_BY_ALIGNMENT(.tcommon))
                [!provide]                PROVIDE (__tdata_start = LOADADDR (tdata))
                [!provide]                PROVIDE (__tdata_size = SIZEOF (tdata))
                [!provide]                PROVIDE (__tdata_end = (__tdata_start + __tdata_size))
                [!provide]                PROVIDE (__tbss_start = LOADADDR (tbss))
                [!provide]                PROVIDE (__tbss_size = SIZEOF (tbss))
                [!provide]                PROVIDE (__tbss_end = (__tbss_start + __tbss_size))
                [!provide]                PROVIDE (__tls_start = __tdata_start)
                [!provide]                PROVIDE (__tls_end = __tbss_end)
                [!provide]                PROVIDE (__tls_size = (__tbss_end - __tdata_start))

rodata          0x00006420      0xe58
 *(SORT_BY_ALIGNMENT(.rodata))
 .rodata        0x00006420        0xc zephyr/libzephyr.a(secure_services.c.obj)
 .rodata        0x0000642c       0x20 zephyr/drivers/serial/libdrivers__serial.a(uart_nrfx_uarte.c.obj)
 .rodata        0x0000644c       0x18 modules/nrf/subsys/fw_info/lib..__nrf__subsys__fw_info.a(fw_info.c.obj)
 *(SORT_BY_ALIGNMENT(.rodata.*))
 *fill*         0x00006464        0xc 
 .rodata.delay_machine_code.10048
                0x00006470        0x6 zephyr/libzephyr.a(soc.c.obj)
 *fill*         0x00006476        0x2 
 .rodata.clock_control_api
                0x00006478       0x14 zephyr/libzephyr.a(clock_control_nrf.c.obj)
 .rodata.config
                0x0000648c       0x18 zephyr/libzephyr.a(clock_control_nrf.c.obj)
 .rodata.transitions.11721
                0x000064a4        0xc zephyr/libzephyr.a(clock_control_nrf.c.obj)
 .rodata.periph.12880
                0x000064b0       0xd0 zephyr/libzephyr.a(spm.c.obj)
 .rodata.fw_info_allowed_offsets
                0x00006580       0x14 zephyr/libzephyr.a(secure_services.c.obj)
 .rodata.apis   0x00006594        0x8 zephyr/libzephyr.a(nrf_cc3xx_platform_abort_zephyr.c.obj)
 .rodata.mutex_apis
                0x0000659c       0x10 zephyr/libzephyr.a(nrf_cc3xx_platform_mutex_zephyr.c.obj)
 .rodata.mutexes
                0x000065ac       0x14 zephyr/libzephyr.a(nrf_cc3xx_platform_mutex_zephyr.c.obj)
 .rodata.static_regions
                0x000065c0        0xc zephyr/arch/arch/arm/core/aarch32/cortex_m/mpu/libarch__arm__core__aarch32__cortex_m__mpu.a(arm_core_mpu.c.obj)
 .rodata.mpu_config
                0x000065cc        0x8 zephyr/soc/arm/common/cortex_m/libsoc__arm__common__cortex_m.a(arm_mpu_regions.c.obj)
                0x000065cc                mpu_config
 .rodata.mpu_regions
                0x000065d4       0x20 zephyr/soc/arm/common/cortex_m/libsoc__arm__common__cortex_m.a(arm_mpu_regions.c.obj)
 .rodata.uart_nrfx_uarte_driver_api
                0x000065f4       0x14 zephyr/drivers/serial/libdrivers__serial.a(uart_nrfx_uarte.c.obj)
 .rodata.uarte_0z_config
                0x00006608        0x8 zephyr/drivers/serial/libdrivers__serial.a(uart_nrfx_uarte.c.obj)
 .rodata.uarte_1z_config
                0x00006610        0x8 zephyr/drivers/serial/libdrivers__serial.a(uart_nrfx_uarte.c.obj)
 .rodata.levels.10281
                0x00006618       0x14 zephyr/kernel/libkernel.a(device.c.obj)
 .rodata._k_neg_eagain
                0x0000662c        0x4 zephyr/kernel/libkernel.a(errno.c.obj)
                0x0000662c                _k_neg_eagain
 .rodata.CSWTCH.19
                0x00006630       0x14 zephyr/kernel/libkernel.a(fatal.c.obj)
 .rodata.CC_PalPowerSaveModeInit.str1.4
                0x00006644       0x20 modules/nrfxlib/nrf_security/src/mbedtls/cc310/libmbedcrypto_cc3xx.a(cc_pal_pm.c.obj)
 .rodata.CSWTCH.6
                0x00006664       0x1c C:/Users/eivin/ncs/v1.5.1/nrfxlib/crypto/nrf_cc310_platform/lib/cortex-m33/hard-float/no-interrupts/libnrf_cc310_platform_0.9.7.a(nrf_cc3xx_platform.c.obj)
 .rodata.mutex_free.str1.4
                0x00006680       0x26 C:/Users/eivin/ncs/v1.5.1/nrfxlib/crypto/nrf_cc310_platform/lib/cortex-m33/hard-float/no-interrupts/libnrf_cc310_platform_0.9.7.a(nrf_cc3xx_platform_mutex.c.obj)
 *fill*         0x000066a6        0x2 
 .rodata.mutex_init.str1.4
                0x000066a8       0x23 C:/Users/eivin/ncs/v1.5.1/nrfxlib/crypto/nrf_cc310_platform/lib/cortex-m33/hard-float/no-interrupts/libnrf_cc310_platform_0.9.7.a(nrf_cc3xx_platform_mutex.c.obj)
 *fill*         0x000066cb        0x1 
 .rodata.CC_LibInitRngModule.str1.4
                0x000066cc       0x6d C:/Users/eivin/ncs/v1.5.1/nrfxlib/crypto/nrf_cc310_platform/lib/cortex-m33/hard-float/no-interrupts/libnrf_cc310_platform_0.9.7.a(cc_lib.c.obj)
 .rodata.LLF_RND_GetTrngSource.str1.4
                0x00006739       0x6f C:/Users/eivin/ncs/v1.5.1/nrfxlib/crypto/nrf_cc310_platform/lib/cortex-m33/hard-float/no-interrupts/libnrf_cc310_platform_0.9.7.a(llf_rnd_trng90b.c.obj)
 .rodata.cbvprintf.str1.1
                0x00006739        0x6 zephyr/libzephyr.a(cbprintf_complete.c.obj)
 .rodata.str1.1
                0x0000673f        0x4 zephyr/libzephyr.a(soc.c.obj)
 .rodata.str1.1
                0x00006743        0x6 zephyr/libzephyr.a(power.c.obj)
 .rodata.sys_reboot.str1.1
                0x00006749       0x29 zephyr/libzephyr.a(reboot.c.obj)
 .rodata.uart_console_init.str1.1
                0x00006772        0x7 zephyr/libzephyr.a(uart_console.c.obj)
 .rodata.str1.1
                0x00006779       0x1a zephyr/libzephyr.a(clock_control_nrf.c.obj)
                                 0x20 (size before relaxing)
 .rodata.str1.1
                0x00006793        0xa zephyr/libzephyr.a(sys_clock_init.c.obj)
 .rodata.config_regions.str1.1
                0x0000679d       0x32 zephyr/libzephyr.a(spm.c.obj)
                                 0x37 (size before relaxing)
 .rodata.spm_jump.str1.1
                0x000067cf       0x75 zephyr/libzephyr.a(spm.c.obj)
 .rodata.spm_config.str1.1
                0x00006844      0x104 zephyr/libzephyr.a(spm.c.obj)
                                0x10c (size before relaxing)
 .rodata.str1.1
                0x00006948       0xfc zephyr/libzephyr.a(spm.c.obj)
 .rodata.mutex_free_platform.str1.1
                0x00006a44       0x26 zephyr/libzephyr.a(nrf_cc3xx_platform_mutex_zephyr.c.obj)
 .rodata.mutex_init_platform.str1.1
                0x00006a6a       0x2d zephyr/libzephyr.a(nrf_cc3xx_platform_mutex_zephyr.c.obj)
 .rodata.z_arm_fatal_error.str1.1
                0x00006a97       0xaf zephyr/arch/arch/arm/core/aarch32/libarch__arm__core__aarch32.a(fatal.c.obj)
 .rodata.mem_manage_fault.isra.0.str1.1
                0x00006b46       0xfb zephyr/arch/arch/arm/core/aarch32/cortex_m/libarch__arm__core__aarch32__cortex_m.a(fault.c.obj)
 .rodata.bus_fault.isra.0.str1.1
                0x00006c41       0xa6 zephyr/arch/arch/arm/core/aarch32/cortex_m/libarch__arm__core__aarch32__cortex_m.a(fault.c.obj)
 .rodata.usage_fault.isra.0.str1.1
                0x00006ce7      0x11f zephyr/arch/arch/arm/core/aarch32/cortex_m/libarch__arm__core__aarch32__cortex_m.a(fault.c.obj)
 .rodata.secure_fault.isra.0.str1.1
                0x00006e06      0x104 zephyr/arch/arch/arm/core/aarch32/cortex_m/libarch__arm__core__aarch32__cortex_m.a(fault.c.obj)
 .rodata.z_arm_fault.str1.1
                0x00006f0a      0x10b zephyr/arch/arch/arm/core/aarch32/cortex_m/libarch__arm__core__aarch32__cortex_m.a(fault.c.obj)
 .rodata.str1.1
                0x00007015        0x4 zephyr/arch/arch/arm/core/aarch32/cortex_m/mpu/libarch__arm__core__aarch32__cortex_m__mpu.a(arm_core_mpu.c.obj)
 .rodata.mpu_configure_region.str1.1
                0x00007019       0x2b zephyr/arch/arch/arm/core/aarch32/cortex_m/mpu/libarch__arm__core__aarch32__cortex_m__mpu.a(arm_mpu.c.obj)
 .rodata.mpu_configure_regions_and_partition.constprop.0.str1.1
                0x00007044       0x50 zephyr/arch/arch/arm/core/aarch32/cortex_m/mpu/libarch__arm__core__aarch32__cortex_m__mpu.a(arm_mpu.c.obj)
 .rodata.str1.1
                0x00007094        0xf zephyr/soc/arm/common/cortex_m/libsoc__arm__common__cortex_m.a(arm_mpu_regions.c.obj)
 .rodata.uarte_instance_init.isra.0.str1.1
                0x000070a3       0x24 zephyr/drivers/serial/libdrivers__serial.a(uart_nrfx_uarte.c.obj)
 .rodata.str1.1
                0x000070c7       0x17 zephyr/drivers/serial/libdrivers__serial.a(uart_nrfx_uarte.c.obj)
                                 0x1e (size before relaxing)
 .rodata.k_sys_fatal_error_handler.str1.1
                0x000070de       0x16 modules/nrf/lib/fatal_error/lib..__nrf__lib__fatal_error.a(fatal_error.c.obj)
 .rodata.str1.1
                0x000070f4        0xc modules/nrf/lib/fatal_error/lib..__nrf__lib__fatal_error.a(fatal_error.c.obj)
 .rodata.check_ext_api_requests.str1.1
                0x00007100       0x5c modules/nrf/subsys/fw_info/lib..__nrf__subsys__fw_info.a(fw_info.c.obj)
 .rodata.str1.1
                0x0000715c        0xb modules/nrf/drivers/hw_cc310/lib..__nrf__drivers__hw_cc310.a(hw_cc310.c.obj)
 .rodata.z_fatal_error.str1.1
                0x00007167       0x86 zephyr/kernel/libkernel.a(fatal.c.obj)
 .rodata.str1.1
                0x000071ed       0x4a zephyr/kernel/libkernel.a(fatal.c.obj)
 .rodata.z_cstart.str1.1
                0x00007237        0x5 zephyr/kernel/libkernel.a(init.c.obj)
 .rodata.str1.1
                0x0000723c        0x3 zephyr/kernel/libkernel.a(init.c.obj)
 .rodata.boot_banner.str1.1
                0x0000723f       0x34 zephyr/kernel/libkernel.a(banner.c.obj)
                                 0x35 (size before relaxing)
 *(SORT_BY_ALIGNMENT(.gnu.linkonce.r.*))
                0x00007274                . = ALIGN (0x4)
 *fill*         0x00007273        0x1 
                0x00007274                _fw_info_images_start = .
 *(SORT_BY_ALIGNMENT(.fw_info_images))
 .fw_info_images
                0x00007274        0x4 modules/nrf/subsys/fw_info/lib..__nrf__subsys__fw_info.a(fw_info.c.obj)
                0x00007274                self_image
                0x00000001                _fw_info_images_size = ABSOLUTE (((. - _fw_info_images_start) / 0x4))
                0x00007278                _ext_apis_start = .
 *(SORT_BY_ALIGNMENT(.ext_apis))
                0x00000000                _ext_apis_size = ABSOLUTE ((. - _ext_apis_start))
                0x00007278                _ext_apis_req_start = .
 *(SORT_BY_ALIGNMENT(.ext_apis_req))
                0x00000000                _ext_apis_req_size = ABSOLUTE ((. - _ext_apis_req_start))
                0x00007278                . = ALIGN (0x4)
                0x00007278                _image_rodata_end = .
                0x00007280                . = ALIGN (_region_min_align)
                0x00007280                _image_rom_end = .
                0x20000000                . = 0x20000000
                0x20000000                . = ALIGN (_region_min_align)
                0x20000000                _image_ram_start = .

.ramfunc        0x20000000        0x0 load address 0x00007278
                0x20000000                . = ALIGN (_region_min_align)
                0x20000000                _ramfunc_ram_start = .
 *(SORT_BY_ALIGNMENT(.ramfunc))
 *(SORT_BY_ALIGNMENT(.ramfunc.*))
                0x20000000                . = ALIGN (_region_min_align)
                0x20000000                _ramfunc_ram_end = .
                0x00000000                _ramfunc_ram_size = (_ramfunc_ram_end - _ramfunc_ram_start)
                0x00007278                _ramfunc_rom_start = LOADADDR (.ramfunc)

datas           0x20000000       0xbc load address 0x00007278
                0x20000000                __data_ram_start = .
 *(SORT_BY_ALIGNMENT(.data))
 *(SORT_BY_ALIGNMENT(.data.*))
 .data._char_out
                0x20000000        0x4 zephyr/libzephyr.a(printk.c.obj)
                0x20000000                _char_out
 .data.asym_mutex
                0x20000004        0x8 zephyr/libzephyr.a(nrf_cc3xx_platform_mutex_zephyr.c.obj)
 .data.power_mutex
                0x2000000c        0x8 zephyr/libzephyr.a(nrf_cc3xx_platform_mutex_zephyr.c.obj)
 .data.rng_mutex
                0x20000014        0x8 zephyr/libzephyr.a(nrf_cc3xx_platform_mutex_zephyr.c.obj)
 .data.sym_mutex
                0x2000001c        0x8 zephyr/libzephyr.a(nrf_cc3xx_platform_mutex_zephyr.c.obj)
 .data._stdout_hook
                0x20000024        0x4 zephyr/lib/libc/minimal/liblib__libc__minimal.a(stdout_console.c.obj)
 .data.uarte_0_data
                0x20000028       0x14 zephyr/drivers/serial/libdrivers__serial.a(uart_nrfx_uarte.c.obj)
 .data.uarte_1_data
                0x2000003c       0x14 zephyr/drivers/serial/libdrivers__serial.a(uart_nrfx_uarte.c.obj)
 .data.SystemCoreClock
                0x20000050        0x4 modules/hal_nordic/libmodules__hal_nordic.a(system_nrf9160.c.obj)
                0x20000050                SystemCoreClock
 .data.timeout_list
                0x20000054        0x8 zephyr/kernel/libkernel.a(timeout.c.obj)
 .data.CCAsymCryptoMutex
                0x2000005c        0x4 modules/nrfxlib/nrf_security/src/mbedtls/cc310/libmbedcrypto_cc3xx.a(cc_pal.c.obj)
                0x2000005c                CCAsymCryptoMutex
 .data.CCPowerMutex
                0x20000060        0x4 modules/nrfxlib/nrf_security/src/mbedtls/cc310/libmbedcrypto_cc3xx.a(cc_pal.c.obj)
                0x20000060                CCPowerMutex
 .data.CCRndCryptoMutex
                0x20000064        0x4 modules/nrfxlib/nrf_security/src/mbedtls/cc310/libmbedcrypto_cc3xx.a(cc_pal.c.obj)
                0x20000064                CCRndCryptoMutex
 .data.CCSymCryptoMutex
                0x20000068        0x4 modules/nrfxlib/nrf_security/src/mbedtls/cc310/libmbedcrypto_cc3xx.a(cc_pal.c.obj)
                0x20000068                CCSymCryptoMutex
 .data.pCCRndCryptoMutex
                0x2000006c        0x4 modules/nrfxlib/nrf_security/src/mbedtls/cc310/libmbedcrypto_cc3xx.a(cc_pal.c.obj)
                0x2000006c                pCCRndCryptoMutex
 .data.platform_abort_apis
                0x20000070        0x8 C:/Users/eivin/ncs/v1.5.1/nrfxlib/crypto/nrf_cc310_platform/lib/cortex-m33/hard-float/no-interrupts/libnrf_cc310_platform_0.9.7.a(nrf_cc3xx_platform_abort.c.obj)
                0x20000070                platform_abort_apis
 .data.asym_mutex
                0x20000078        0x8 C:/Users/eivin/ncs/v1.5.1/nrfxlib/crypto/nrf_cc310_platform/lib/cortex-m33/hard-float/no-interrupts/libnrf_cc310_platform_0.9.7.a(nrf_cc3xx_platform_mutex.c.obj)
 .data.platform_mutex_apis
                0x20000080       0x10 C:/Users/eivin/ncs/v1.5.1/nrfxlib/crypto/nrf_cc310_platform/lib/cortex-m33/hard-float/no-interrupts/libnrf_cc310_platform_0.9.7.a(nrf_cc3xx_platform_mutex.c.obj)
                0x20000080                platform_mutex_apis
 .data.platform_mutexes
                0x20000090       0x14 C:/Users/eivin/ncs/v1.5.1/nrfxlib/crypto/nrf_cc310_platform/lib/cortex-m33/hard-float/no-interrupts/libnrf_cc310_platform_0.9.7.a(nrf_cc3xx_platform_mutex.c.obj)
                0x20000090                platform_mutexes
 .data.power_mutex
                0x200000a4        0x8 C:/Users/eivin/ncs/v1.5.1/nrfxlib/crypto/nrf_cc310_platform/lib/cortex-m33/hard-float/no-interrupts/libnrf_cc310_platform_0.9.7.a(nrf_cc3xx_platform_mutex.c.obj)
 .data.rng_mutex
                0x200000ac        0x8 C:/Users/eivin/ncs/v1.5.1/nrfxlib/crypto/nrf_cc310_platform/lib/cortex-m33/hard-float/no-interrupts/libnrf_cc310_platform_0.9.7.a(nrf_cc3xx_platform_mutex.c.obj)
 .data.sym_mutex
                0x200000b4        0x8 C:/Users/eivin/ncs/v1.5.1/nrfxlib/crypto/nrf_cc310_platform/lib/cortex-m33/hard-float/no-interrupts/libnrf_cc310_platform_0.9.7.a(nrf_cc3xx_platform_mutex.c.obj)
 *(SORT_BY_ALIGNMENT(.kernel.*))
                0x00007278                __data_rom_start = LOADADDR (datas)

devices         0x200000bc       0x54 load address 0x00007334
                0x200000bc                __device_start = .
                0x200000bc                __device_PRE_KERNEL_1_start = .
 *(SORT_BY_NAME(SORT_BY_ALIGNMENT(.device_PRE_KERNEL_1[0-9]*)))
 .device_PRE_KERNEL_150
                0x200000bc       0x10 zephyr/libzephyr.a(clock_control_nrf.c.obj)
                0x200000bc                __device_DT_N_S_soc_S_peripheral_50000000_S_clock_5000
 .device_PRE_KERNEL_150
                0x200000cc       0x20 zephyr/drivers/serial/libdrivers__serial.a(uart_nrfx_uarte.c.obj)
                0x200000cc                __device_DT_N_S_soc_S_peripheral_50000000_S_uart_9000
                0x200000dc                __device_DT_N_S_soc_S_peripheral_50000000_S_uart_8000
 *(SORT_BY_NAME(SORT_BY_ALIGNMENT(.device_PRE_KERNEL_1[1-9][0-9]*)))
                0x200000ec                __device_PRE_KERNEL_2_start = .
 *(SORT_BY_NAME(SORT_BY_ALIGNMENT(.device_PRE_KERNEL_2[0-9]*)))
 .device_PRE_KERNEL_20
                0x200000ec       0x10 zephyr/libzephyr.a(sys_clock_init.c.obj)
 *(SORT_BY_NAME(SORT_BY_ALIGNMENT(.device_PRE_KERNEL_2[1-9][0-9]*)))
                0x200000fc                __device_POST_KERNEL_start = .
 *(SORT_BY_NAME(SORT_BY_ALIGNMENT(.device_POST_KERNEL[0-9]*)))
 .device_POST_KERNEL40
                0x200000fc       0x10 modules/nrf/drivers/hw_cc310/lib..__nrf__drivers__hw_cc310.a(hw_cc310.c.obj)
 *(SORT_BY_NAME(SORT_BY_ALIGNMENT(.device_POST_KERNEL[1-9][0-9]*)))
                0x2000010c                __device_APPLICATION_start = .
 *(SORT_BY_NAME(SORT_BY_ALIGNMENT(.device_APPLICATION[0-9]*)))
 *(SORT_BY_NAME(SORT_BY_ALIGNMENT(.device_APPLICATION[1-9][0-9]*)))
                0x2000010c                __device_SMP_start = .
 *(SORT_BY_NAME(SORT_BY_ALIGNMENT(.device_SMP[0-9]*)))
 *(SORT_BY_NAME(SORT_BY_ALIGNMENT(.device_SMP[1-9][0-9]*)))
                0x2000010c                __device_end = .
 FILL mask 0x00
                0x2000010c                __device_init_status_start = .
                0x20000110                . = (. + (((((__device_end - __device_start) / 0x10) + 0x1f) / 0x20) * 0x4))
 *fill*         0x2000010c        0x4 00
                0x20000110                __device_init_status_end = .

initshell       0x20000110        0x0 load address 0x00007388
                0x20000110                __shell_module_start = .
 *(SORT_BY_ALIGNMENT(.shell_module_*))
                0x20000110                __shell_module_end = .
                0x20000110                __shell_cmd_start = .
 *(SORT_BY_ALIGNMENT(.shell_cmd_*))
                0x20000110                __shell_cmd_end = .

log_dynamic_sections
                0x20000110        0x0 load address 0x00007388
                0x20000110                __log_dynamic_start = .
 *(SORT_BY_NAME(SORT_BY_ALIGNMENT(.log_dynamic_*)))
                0x20000110                __log_dynamic_end = .

_static_thread_data_area
                0x20000110        0x0 load address 0x00007388
                0x20000110                __static_thread_data_list_start = .
 *(SORT_BY_NAME(SORT_BY_ALIGNMENT(.__static_thread_data.static.*)))
                0x20000110                __static_thread_data_list_end = .

k_timer_area    0x20000110        0x0 load address 0x00007388
                0x20000110                _k_timer_list_start = .
 *(SORT_BY_NAME(SORT_BY_ALIGNMENT(._k_timer.static.*)))
                0x20000110                _k_timer_list_end = .

k_mem_slab_area
                0x20000110        0x0 load address 0x00007388
                0x20000110                _k_mem_slab_list_start = .
 *(SORT_BY_NAME(SORT_BY_ALIGNMENT(._k_mem_slab.static.*)))
                0x20000110                _k_mem_slab_list_end = .

k_mem_pool_area
                0x20000110        0x0 load address 0x00007388
                0x20000110                _k_mem_pool_list_start = .
 *(SORT_BY_NAME(SORT_BY_ALIGNMENT(._k_mem_pool.static.*)))
                0x20000110                _k_mem_pool_list_end = .

k_heap_area     0x20000110        0x0 load address 0x00007388
                0x20000110                _k_heap_list_start = .
 *(SORT_BY_NAME(SORT_BY_ALIGNMENT(._k_heap.static.*)))
                0x20000110                _k_heap_list_end = .

k_mutex_area    0x20000110       0x50 load address 0x00007388
                0x20000110                _k_mutex_list_start = .
 *(SORT_BY_NAME(SORT_BY_ALIGNMENT(._k_mutex.static.*)))
 ._k_mutex.static.asym_mutex_int
                0x20000110       0x14 zephyr/libzephyr.a(nrf_cc3xx_platform_mutex_zephyr.c.obj)
                0x20000110                asym_mutex_int
 ._k_mutex.static.power_mutex_int
                0x20000124       0x14 zephyr/libzephyr.a(nrf_cc3xx_platform_mutex_zephyr.c.obj)
                0x20000124                power_mutex_int
 ._k_mutex.static.rng_mutex_int
                0x20000138       0x14 zephyr/libzephyr.a(nrf_cc3xx_platform_mutex_zephyr.c.obj)
                0x20000138                rng_mutex_int
 ._k_mutex.static.sym_mutex_int
                0x2000014c       0x14 zephyr/libzephyr.a(nrf_cc3xx_platform_mutex_zephyr.c.obj)
                0x2000014c                sym_mutex_int
                0x20000160                _k_mutex_list_end = .

k_stack_area    0x20000160        0x0 load address 0x000073d8
                0x20000160                _k_stack_list_start = .
 *(SORT_BY_NAME(SORT_BY_ALIGNMENT(._k_stack.static.*)))
                0x20000160                _k_stack_list_end = .

k_msgq_area     0x20000160        0x0 load address 0x000073d8
                0x20000160                _k_msgq_list_start = .
 *(SORT_BY_NAME(SORT_BY_ALIGNMENT(._k_msgq.static.*)))
                0x20000160                _k_msgq_list_end = .

k_mbox_area     0x20000160        0x0 load address 0x000073d8
                0x20000160                _k_mbox_list_start = .
 *(SORT_BY_NAME(SORT_BY_ALIGNMENT(._k_mbox.static.*)))
                0x20000160                _k_mbox_list_end = .

k_pipe_area     0x20000160        0x0 load address 0x000073d8
                0x20000160                _k_pipe_list_start = .
 *(SORT_BY_NAME(SORT_BY_ALIGNMENT(._k_pipe.static.*)))
                0x20000160                _k_pipe_list_end = .

k_sem_area      0x20000160        0x0 load address 0x000073d8
                0x20000160                _k_sem_list_start = .
 *(SORT_BY_NAME(SORT_BY_ALIGNMENT(._k_sem.static.*)))
                0x20000160                _k_sem_list_end = .

k_queue_area    0x20000160        0x0 load address 0x000073d8
                0x20000160                _k_queue_list_start = .
 *(SORT_BY_NAME(SORT_BY_ALIGNMENT(._k_queue.static.*)))
                0x20000160                _k_queue_list_end = .

k_condvar_area  0x20000160        0x0 load address 0x000073d8
                0x20000160                _k_condvar_list_start = .
 *(SORT_BY_NAME(SORT_BY_ALIGNMENT(._k_condvar.static.*)))
                0x20000160                _k_condvar_list_end = .

_net_buf_pool_area
                0x20000160        0x0 load address 0x000073d8
                0x20000160                _net_buf_pool_list = .
 *(SORT_BY_NAME(SORT_BY_ALIGNMENT(._net_buf_pool.static.*)))
                0x20000160                __data_ram_end = .

bss             0x20000160      0x722
                0x20000160                . = ALIGN (0x4)
                0x20000160                __bss_start = .
                0x20000160                __kernel_ram_start = .
 *(SORT_BY_ALIGNMENT(.bss))
 *(SORT_BY_ALIGNMENT(.bss.*))
 .bss.z_idle_threads
                0x20000160       0x80 zephyr/kernel/libkernel.a(init.c.obj)
                0x20000160                z_idle_threads
 .bss.z_main_thread
                0x200001e0       0x80 zephyr/kernel/libkernel.a(init.c.obj)
                0x200001e0                z_main_thread
 .bss.curr_tick
                0x20000260        0x8 zephyr/kernel/libkernel.a(timeout.c.obj)
 .bss.uart_console_dev
                0x20000268        0x4 zephyr/libzephyr.a(uart_console.c.obj)
 .bss.cli.11698
                0x2000026c       0x10 zephyr/libzephyr.a(clock_control_nrf.c.obj)
 .bss.data      0x2000027c       0x50 zephyr/libzephyr.a(clock_control_nrf.c.obj)
 .bss.hfclk_users
                0x200002cc        0x4 zephyr/libzephyr.a(clock_control_nrf.c.obj)
 .bss.on.11697  0x200002d0        0x4 zephyr/libzephyr.a(clock_control_nrf.c.obj)
 .bss.cc_data   0x200002d4        0x8 zephyr/libzephyr.a(nrf_rtc_timer.c.obj)
 .bss.int_mask  0x200002dc        0x4 zephyr/libzephyr.a(nrf_rtc_timer.c.obj)
 .bss.last_count
                0x200002e0        0x4 zephyr/libzephyr.a(nrf_rtc_timer.c.obj)
 .bss.mutex_slab
                0x200002e4       0x1c zephyr/libzephyr.a(nrf_cc3xx_platform_mutex_zephyr.c.obj)
                0x200002e4                mutex_slab
 .bss.mutex_slab_buffer
                0x20000300      0x500 zephyr/libzephyr.a(nrf_cc3xx_platform_mutex_zephyr.c.obj)
                0x20000300                mutex_slab_buffer
 .bss.dyn_reg_info
                0x20000800       0x14 zephyr/arch/arch/arm/core/aarch32/cortex_m/mpu/libarch__arm__core__aarch32__cortex_m__mpu.a(arm_mpu.c.obj)
 .bss.m_clock_cb
                0x20000814        0x8 modules/hal_nordic/libmodules__hal_nordic.a(nrfx_clock.c.obj)
 .bss.m_allocated_channels
                0x2000081c        0x4 modules/hal_nordic/libmodules__hal_nordic.a(nrfx_dppi.c.obj)
 .bss._kernel   0x20000820       0x34 zephyr/kernel/libkernel.a(sched.c.obj)
                0x20000820                _kernel
 .bss.pending_current
                0x20000854        0x4 zephyr/kernel/libkernel.a(sched.c.obj)
 .bss.slice_max_prio
                0x20000858        0x4 zephyr/kernel/libkernel.a(sched.c.obj)
 .bss.slice_time
                0x2000085c        0x4 zephyr/kernel/libkernel.a(sched.c.obj)
 .bss.announce_remaining
                0x20000860        0x4 zephyr/kernel/libkernel.a(timeout.c.obj)
 .bss.use_count
                0x20000864        0x4 modules/nrfxlib/nrf_security/src/mbedtls/cc310/libmbedcrypto_cc3xx.a(cc_pal_pm.c.obj)
 .bss.nrf_cc3xx_platform_initialized
                0x20000868        0x4 C:/Users/eivin/ncs/v1.5.1/nrfxlib/crypto/nrf_cc310_platform/lib/cortex-m33/hard-float/no-interrupts/libnrf_cc310_platform_0.9.7.a(nrf_cc3xx_platform.c.obj)
 .bss.nrf_cc3xx_platform_rng_initialized
                0x2000086c        0x4 C:/Users/eivin/ncs/v1.5.1/nrfxlib/crypto/nrf_cc310_platform/lib/cortex-m33/hard-float/no-interrupts/libnrf_cc310_platform_0.9.7.a(nrf_cc3xx_platform.c.obj)
 .bss.asym_mutex_int
                0x20000870        0x4 C:/Users/eivin/ncs/v1.5.1/nrfxlib/crypto/nrf_cc310_platform/lib/cortex-m33/hard-float/no-interrupts/libnrf_cc310_platform_0.9.7.a(nrf_cc3xx_platform_mutex.c.obj)
 .bss.power_mutex_int
                0x20000874        0x4 C:/Users/eivin/ncs/v1.5.1/nrfxlib/crypto/nrf_cc310_platform/lib/cortex-m33/hard-float/no-interrupts/libnrf_cc310_platform_0.9.7.a(nrf_cc3xx_platform_mutex.c.obj)
 .bss.rng_mutex_int
                0x20000878        0x4 C:/Users/eivin/ncs/v1.5.1/nrfxlib/crypto/nrf_cc310_platform/lib/cortex-m33/hard-float/no-interrupts/libnrf_cc310_platform_0.9.7.a(nrf_cc3xx_platform_mutex.c.obj)
 .bss.sym_mutex_int
                0x2000087c        0x4 C:/Users/eivin/ncs/v1.5.1/nrfxlib/crypto/nrf_cc310_platform/lib/cortex-m33/hard-float/no-interrupts/libnrf_cc310_platform_0.9.7.a(nrf_cc3xx_platform_mutex.c.obj)
 .bss.static_regions_num
                0x20000880        0x1 zephyr/arch/arch/arm/core/aarch32/cortex_m/mpu/libarch__arm__core__aarch32__cortex_m__mpu.a(arm_mpu.c.obj)
 .bss.z_sys_post_kernel
                0x20000881        0x1 zephyr/kernel/libkernel.a(init.c.obj)
                0x20000881                z_sys_post_kernel
 .bss.lock      0x20000882        0x0 zephyr/kernel/libkernel.a(mem_slab.c.obj)
 .bss.lock      0x20000882        0x0 zephyr/kernel/libkernel.a(mutex.c.obj)
 .bss.sched_spinlock
                0x20000882        0x0 zephyr/kernel/libkernel.a(sched.c.obj)
 .bss.lock      0x20000882        0x0 zephyr/kernel/libkernel.a(sem.c.obj)
 *(SORT_BY_ALIGNMENT(COMMON))
 *(SORT_BY_ALIGNMENT(.kernel_bss.*))
                0x20000884                __bss_end = ALIGN (0x4)

noinit          0x20000888     0x1940
 *(SORT_BY_ALIGNMENT(.noinit))
 *(SORT_BY_ALIGNMENT(.noinit.*))
 .noinit."WEST_TOPDIR/zephyr/kernel/init.c".2
                0x20000888     0x1000 zephyr/kernel/libkernel.a(init.c.obj)
                0x20000888                z_main_stack
 .noinit."WEST_TOPDIR/zephyr/kernel/init.c".3
                0x20001888      0x140 zephyr/kernel/libkernel.a(init.c.obj)
 .noinit."WEST_TOPDIR/zephyr/kernel/init.c".4
                0x200019c8      0x800 zephyr/kernel/libkernel.a(init.c.obj)
                0x200019c8                z_interrupt_stacks
 *(SORT_BY_ALIGNMENT(.kernel_noinit.*))
                0x200021c8                _image_ram_end = .
                0x200021c8                _end = .
                0x20010000                __kernel_ram_end = 0x20010000
                0x0000fea0                __kernel_ram_size = (__kernel_ram_end - __kernel_ram_start)
                0x00000001                ASSERT (((((_image_rom_start + _flash_used) - 0x1) / 0x8000) < 0x1), SPM and app are sharing an SPU region. Cannot partition flash correctly into secure and non-secure. Adjust partitions sizes so they are placed in separate regions.)

.gnu.sgstubs    0x000073e0      0xc20
                0x00007fe0                . = ((ALIGN (0x8000) - MAX (0x20, (0x1 << LOG2CEIL (__sg_size)))) + (ABSOLUTE (.) > (ALIGN (0x8000) - MAX (0x20, (0x1 << LOG2CEIL (__sg_size)))))?0x8000:0x0)
 *fill*         0x000073e0      0xc00 
                0x00007fe0                __sg_start = .
 .gnu.sgstubs.__stub
                0x00007fe0       0x18 linker stubs
                0x00007fe0                spm_firmware_info_nse
                0x00007fe8                spm_request_random_number_nse
                0x00007ff0                spm_request_read_nse
                0x00008000                __sg_end = .
                0x00000020                __sg_size = (__sg_end - __sg_start)
                0x00008000                . = ALIGN (0x8000)
                0x00000020                __nsc_size = (. - __sg_start)
                0x00000001                ASSERT (((__sg_size == 0x0) || ((((0x1 << LOG2CEIL ((0x8000 - (__sg_start % 0x8000)))) == (0x8000 - (__sg_start % 0x8000))) && ((0x8000 - (__sg_start % 0x8000)) >= 0x20)) && ((0x8000 - (__sg_start % 0x8000)) <= 0x1000))), The Non-Secure Callable region size must be a power of 2 between 32 and 4096 bytes.)

.stab
 *(SORT_BY_ALIGNMENT(.stab))

.stabstr
 *(SORT_BY_ALIGNMENT(.stabstr))

.stab.excl
 *(SORT_BY_ALIGNMENT(.stab.excl))

.stab.exclstr
 *(SORT_BY_ALIGNMENT(.stab.exclstr))

.stab.index
 *(SORT_BY_ALIGNMENT(.stab.index))

.stab.indexstr
 *(SORT_BY_ALIGNMENT(.stab.indexstr))

.gnu.build.attributes
 *(SORT_BY_ALIGNMENT(.gnu.build.attributes) SORT_BY_ALIGNMENT(.gnu.build.attributes.*))

.comment        0x00000000       0x79
 *(SORT_BY_ALIGNMENT(.comment))
 .comment       0x00000000       0x79 zephyr/CMakeFiles/zephyr_final.dir/isr_tables.c.obj
                                 0x7a (size before relaxing)
 .comment       0x00000079       0x7a app/libapp.a(main.c.obj)
 .comment       0x00000079       0x7a zephyr/libzephyr.a(notify.c.obj)
 .comment       0x00000079       0x7a zephyr/libzephyr.a(printk.c.obj)
 .comment       0x00000079       0x7a zephyr/libzephyr.a(onoff.c.obj)
 .comment       0x00000079       0x7a zephyr/libzephyr.a(thread_entry.c.obj)
 .comment       0x00000079       0x7a zephyr/libzephyr.a(heap.c.obj)
 .comment       0x00000079       0x7a zephyr/libzephyr.a(cbprintf_complete.c.obj)
 .comment       0x00000079       0x7a zephyr/libzephyr.a(configs.c.obj)
 .comment       0x00000079       0x7a zephyr/libzephyr.a(soc.c.obj)
 .comment       0x00000079       0x7a zephyr/libzephyr.a(power.c.obj)
 .comment       0x00000079       0x7a zephyr/libzephyr.a(reboot.c.obj)
 .comment       0x00000079       0x7a zephyr/libzephyr.a(uart_console.c.obj)
 .comment       0x00000079       0x7a zephyr/libzephyr.a(clock_control_nrf.c.obj)
 .comment       0x00000079       0x7a zephyr/libzephyr.a(sys_clock_init.c.obj)
 .comment       0x00000079       0x7a zephyr/libzephyr.a(nrf_rtc_timer.c.obj)
 .comment       0x00000079       0x7a zephyr/libzephyr.a(spm.c.obj)
 .comment       0x00000079       0x7a zephyr/libzephyr.a(secure_services.c.obj)
 .comment       0x00000079       0x7a zephyr/libzephyr.a(nrf_cc3xx_platform_abort_zephyr.c.obj)
 .comment       0x00000079       0x7a zephyr/libzephyr.a(nrf_cc3xx_platform_mutex_zephyr.c.obj)
 .comment       0x00000079       0x7a zephyr/arch/arch/arm/core/aarch32/libarch__arm__core__aarch32.a(swap.c.obj)
 .comment       0x00000079       0x7a zephyr/arch/arch/arm/core/aarch32/libarch__arm__core__aarch32.a(irq_manage.c.obj)
 .comment       0x00000079       0x7a zephyr/arch/arch/arm/core/aarch32/libarch__arm__core__aarch32.a(thread.c.obj)
 .comment       0x00000079       0x7a zephyr/arch/arch/arm/core/aarch32/libarch__arm__core__aarch32.a(fatal.c.obj)
 .comment       0x00000079       0x7a zephyr/arch/arch/arm/core/aarch32/libarch__arm__core__aarch32.a(nmi.c.obj)
 .comment       0x00000079       0x7a zephyr/arch/arch/arm/core/aarch32/libarch__arm__core__aarch32.a(prep_c.c.obj)
 .comment       0x00000079       0x7a zephyr/arch/arch/arm/core/aarch32/cortex_m/libarch__arm__core__aarch32__cortex_m.a(fault.c.obj)
 .comment       0x00000079       0x7a zephyr/arch/arch/arm/core/aarch32/cortex_m/libarch__arm__core__aarch32__cortex_m.a(scb.c.obj)
 .comment       0x00000079       0x7a zephyr/arch/arch/arm/core/aarch32/cortex_m/libarch__arm__core__aarch32__cortex_m.a(irq_init.c.obj)
 .comment       0x00000079       0x7a zephyr/arch/arch/arm/core/aarch32/cortex_m/libarch__arm__core__aarch32__cortex_m.a(thread_abort.c.obj)
 .comment       0x00000079       0x7a zephyr/arch/arch/arm/core/aarch32/cortex_m/mpu/libarch__arm__core__aarch32__cortex_m__mpu.a(arm_core_mpu.c.obj)
 .comment       0x00000079       0x7a zephyr/arch/arch/arm/core/aarch32/cortex_m/mpu/libarch__arm__core__aarch32__cortex_m__mpu.a(arm_mpu.c.obj)
 .comment       0x00000079       0x7a zephyr/arch/arch/arm/core/aarch32/cortex_m/cmse/libarch__arm__core__aarch32__cortex_m__cmse.a(arm_core_cmse.c.obj)
 .comment       0x00000079       0x7a zephyr/arch/arch/arm/core/aarch32/cortex_m/tz/libarch__arm__core__aarch32__cortex_m__tz.a(arm_core_tz.c.obj)
 .comment       0x00000079       0x7a zephyr/lib/libc/minimal/liblib__libc__minimal.a(string.c.obj)
 .comment       0x00000079       0x7a zephyr/lib/libc/minimal/liblib__libc__minimal.a(stdout_console.c.obj)
 .comment       0x00000079       0x7a zephyr/soc/arm/common/cortex_m/libsoc__arm__common__cortex_m.a(arm_mpu_regions.c.obj)
 .comment       0x00000079       0x7a zephyr/drivers/serial/libdrivers__serial.a(uart_nrfx_uarte.c.obj)
 .comment       0x00000079       0x7a modules/nrf/lib/fatal_error/lib..__nrf__lib__fatal_error.a(fatal_error.c.obj)
 .comment       0x00000079       0x7a modules/nrf/subsys/fw_info/lib..__nrf__subsys__fw_info.a(fw_info.c.obj)
 .comment       0x00000079       0x7a modules/nrf/drivers/hw_cc310/lib..__nrf__drivers__hw_cc310.a(hw_cc310.c.obj)
 .comment       0x00000079       0x7a modules/hal_nordic/libmodules__hal_nordic.a(system_nrf9160.c.obj)
 .comment       0x00000079       0x7a modules/hal_nordic/libmodules__hal_nordic.a(nrfx_glue.c.obj)
 .comment       0x00000079       0x7a modules/hal_nordic/libmodules__hal_nordic.a(nrfx_clock.c.obj)
 .comment       0x00000079       0x7a modules/hal_nordic/libmodules__hal_nordic.a(nrfx_dppi.c.obj)